Apr 13 01:46:16 DESKTOP-HF5NNP4 kernel: [10271.976836] hv_utils: TimeSync IC version 4.0
Apr 13 13:15:01 DESKTOP-HF5NNP4 kernel: [10374.455506] potentially unexpected fatal signal 6.
Apr 13 13:15:01 DESKTOP-HF5NNP4 kernel: [10374.455509] CPU: 6 PID: 373 Comm: weston Not tainted 5.15.146.1-microsoft-standard-WSL2 #1
Apr 13 13:15:01 DESKTOP-HF5NNP4 kernel: [10374.455517] RIP: 0033:0x7fae9eb60e6c
Apr 13 13:15:01 DESKTOP-HF5NNP4 kernel: [10374.455611] Code: ff ff 0f 46 ea eb 99 0f 1f 80 00 00 00 00 b8 ba 00 00 00 0f 05 89 c5 e8 32 d5 04 00 44 89 e2 89 ee 89 c7 b8 ea 00 00 00 0f 05 <89> c5 f7 dd 3d 00 f0 ff ff b8 00 00 00 00 0f 47 c5 48 83 ec 80 5b
Apr 13 13:15:01 DESKTOP-HF5NNP4 kernel: [10374.455612] RSP: 002b:00007ffff896af90 EFLAGS: 00000246 ORIG_RAX: 00000000000000ea
Apr 13 13:15:01 DESKTOP-HF5NNP4 kernel: [10374.455627] RAX: 0000000000000000 RBX: 00007fae9b521ec0 RCX: 00007fae9eb60e6c
Apr 13 13:15:01 DESKTOP-HF5NNP4 kernel: [10374.455628] RDX: 0000000000000006 RSI: 000000000000000b RDI: 000000000000000b
Apr 13 13:15:01 DESKTOP-HF5NNP4 kernel: [10374.455628] RBP: 000000000000000b R08: 00007ffff896b058 R09: 0000000000000000
Apr 13 13:15:01 DESKTOP-HF5NNP4 kernel: [10374.455629] R10: 0000000000000008 R11: 0000000000000246 R12: 0000000000000006
Apr 13 13:15:01 DESKTOP-HF5NNP4 kernel: [10374.455629] R13: 00007ffff896b1b0 R14: 0000000000000010 R15: 00007fae98907000
Apr 13 13:15:01 DESKTOP-HF5NNP4 kernel: [10374.455630] FS:  00007fae9b521ec0 GS:  0000000000000000
Apr 13 13:28:50 DESKTOP-HF5NNP4 kernel: [    0.000000] Linux version 5.15.146.1-microsoft-standard-WSL2 (root@65c757a075e2) (gcc (GCC) 11.2.0, GNU ld (GNU Binutils) 2.37) #1 SMP Thu Jan 11 04:09:03 UTC 2024
Apr 13 13:28:50 DESKTOP-HF5NNP4 kernel: [    0.000000] Command line: initrd=\initrd.img WSL_ROOT_INIT=1 panic=-1 nr_cpus=32 hv_utils.timesync_implicit=1 console=hvc0 debug pty.legacy_count=0
Apr 13 13:28:50 DESKTOP-HF5NNP4 kernel: [    0.000000] KERNEL supported cpus:
Apr 13 13:28:50 DESKTOP-HF5NNP4 kernel: [    0.000000]   Intel GenuineIntel
Apr 13 13:28:50 DESKTOP-HF5NNP4 kernel: [    0.000000]   AMD AuthenticAMD
Apr 13 13:28:50 DESKTOP-HF5NNP4 kernel: [    0.000000]   Centaur CentaurHauls
Apr 13 13:28:50 DESKTOP-HF5NNP4 kernel: [    0.000000] BIOS-provided physical RAM map:
Apr 13 13:28:50 DESKTOP-HF5NNP4 kernel: [    0.000000] BIOS-e820: [mem 0x0000000000000000-0x000000000009ffff] usable
Apr 13 13:28:50 DESKTOP-HF5NNP4 kernel: [    0.000000] BIOS-e820: [mem 0x00000000000e0000-0x00000000000e0fff] reserved
Apr 13 13:28:50 DESKTOP-HF5NNP4 kernel: [    0.000000] BIOS-e820: [mem 0x0000000000100000-0x00000000001fffff] ACPI data
Apr 13 13:28:50 DESKTOP-HF5NNP4 kernel: [    0.000000] BIOS-e820: [mem 0x0000000000200000-0x00000000f7ffffff] usable
Apr 13 13:28:50 DESKTOP-HF5NNP4 kernel: [    0.000000] BIOS-e820: [mem 0x0000000100000000-0x00000004021fffff] usable
Apr 13 13:28:50 DESKTOP-HF5NNP4 kernel: [    0.000000] NX (Execute Disable) protection: active
Apr 13 13:28:50 DESKTOP-HF5NNP4 kernel: [    0.000000] DMI not present or invalid.
Apr 13 13:28:50 DESKTOP-HF5NNP4 kernel: [    0.000000] Hypervisor detected: Microsoft Hyper-V
Apr 13 13:28:50 DESKTOP-HF5NNP4 kernel: [    0.000000] Hyper-V: privilege flags low 0xae7f, high 0x3b8030, hints 0x9a4e24, misc 0xe0bed7b2
Apr 13 13:28:50 DESKTOP-HF5NNP4 kernel: [    0.000000] Hyper-V Host Build:26100-10.0-3-0.3775
Apr 13 13:28:50 DESKTOP-HF5NNP4 kernel: [    0.000000] Hyper-V: Nested features: 0x3e0101
Apr 13 13:28:50 DESKTOP-HF5NNP4 kernel: [    0.000000] Hyper-V: LAPIC Timer Frequency: 0x1e8480
Apr 13 13:28:50 DESKTOP-HF5NNP4 kernel: [    0.000000] Hyper-V: Using hypercall for remote TLB flush
Apr 13 13:28:50 DESKTOP-HF5NNP4 kernel: [    0.000000] clocksource: hyperv_clocksource_tsc_page: mask: 0xffffffffffffffff max_cycles: 0x24e6a1710, max_idle_ns: 440795202120 ns
Apr 13 13:28:50 DESKTOP-HF5NNP4 kernel: [    0.000001] tsc: Detected 1996.799 MHz processor
Apr 13 13:28:50 DESKTOP-HF5NNP4 kernel: [    0.000061] e820: update [mem 0x00000000-0x00000fff] usable ==> reserved
Apr 13 13:28:50 DESKTOP-HF5NNP4 kernel: [    0.000063] e820: remove [mem 0x000a0000-0x000fffff] usable
Apr 13 13:28:50 DESKTOP-HF5NNP4 kernel: [    0.000065] last_pfn = 0x402200 max_arch_pfn = 0x400000000
Apr 13 13:28:50 DESKTOP-HF5NNP4 kernel: [    0.000080] x86/PAT: Configuration [0-7]: WB  WC  UC- UC  WB  WP  UC- WT  
Apr 13 13:28:50 DESKTOP-HF5NNP4 kernel: [    0.000087] last_pfn = 0xf8000 max_arch_pfn = 0x400000000
Apr 13 13:28:50 DESKTOP-HF5NNP4 kernel: [    0.000092] Using GB pages for direct mapping
Apr 13 13:28:50 DESKTOP-HF5NNP4 kernel: [    0.000093] Incomplete global flushes, disabling PCID
Apr 13 13:28:50 DESKTOP-HF5NNP4 kernel: [    0.000161] RAMDISK: [mem 0x03dd8000-0x03faefff]
Apr 13 13:28:50 DESKTOP-HF5NNP4 kernel: [    0.000162] ACPI: Early table checksum verification disabled
Apr 13 13:28:50 DESKTOP-HF5NNP4 kernel: [    0.000164] ACPI: RSDP 0x00000000000E0000 000024 (v02 VRTUAL)
Apr 13 13:28:50 DESKTOP-HF5NNP4 kernel: [    0.000166] ACPI: XSDT 0x0000000000100000 000044 (v01 VRTUAL MICROSFT 00000001 MSFT 00000001)
Apr 13 13:28:50 DESKTOP-HF5NNP4 kernel: [    0.000169] ACPI: FACP 0x0000000000101000 000114 (v06 VRTUAL MICROSFT 00000001 MSFT 00000001)
Apr 13 13:28:50 DESKTOP-HF5NNP4 kernel: [    0.000172] ACPI: DSDT 0x00000000001011B8 01E191 (v02 MSFTVM DSDT01   00000001 MSFT 05000000)
Apr 13 13:28:50 DESKTOP-HF5NNP4 kernel: [    0.000175] ACPI: FACS 0x0000000000101114 000040
Apr 13 13:28:50 DESKTOP-HF5NNP4 kernel: [    0.000176] ACPI: OEM0 0x0000000000101154 000064 (v01 VRTUAL MICROSFT 00000001 MSFT 00000001)
Apr 13 13:28:50 DESKTOP-HF5NNP4 kernel: [    0.000178] ACPI: SRAT 0x000000000011F349 0004B0 (v02 VRTUAL MICROSFT 00000001 MSFT 00000001)
Apr 13 13:28:50 DESKTOP-HF5NNP4 kernel: [    0.000180] ACPI: APIC 0x000000000011F7F9 000148 (v04 VRTUAL MICROSFT 00000001 MSFT 00000001)
Apr 13 13:28:50 DESKTOP-HF5NNP4 kernel: [    0.000181] ACPI: Reserving FACP table memory at [mem 0x101000-0x101113]
Apr 13 13:28:50 DESKTOP-HF5NNP4 kernel: [    0.000182] ACPI: Reserving DSDT table memory at [mem 0x1011b8-0x11f348]
Apr 13 13:28:50 DESKTOP-HF5NNP4 kernel: [    0.000183] ACPI: Reserving FACS table memory at [mem 0x101114-0x101153]
Apr 13 13:28:50 DESKTOP-HF5NNP4 kernel: [    0.000183] ACPI: Reserving OEM0 table memory at [mem 0x101154-0x1011b7]
Apr 13 13:28:50 DESKTOP-HF5NNP4 kernel: [    0.000184] ACPI: Reserving SRAT table memory at [mem 0x11f349-0x11f7f8]
Apr 13 13:28:50 DESKTOP-HF5NNP4 kernel: [    0.000184] ACPI: Reserving APIC table memory at [mem 0x11f7f9-0x11f940]
Apr 13 13:28:50 DESKTOP-HF5NNP4 kernel: [    0.000232] Zone ranges:
Apr 13 13:28:50 DESKTOP-HF5NNP4 kernel: [    0.000232]   DMA      [mem 0x0000000000001000-0x0000000000ffffff]
Apr 13 13:28:50 DESKTOP-HF5NNP4 kernel: [    0.000234]   DMA32    [mem 0x0000000001000000-0x00000000ffffffff]
Apr 13 13:28:50 DESKTOP-HF5NNP4 kernel: [    0.000234]   Normal   [mem 0x0000000100000000-0x00000004021fffff]
Apr 13 13:28:50 DESKTOP-HF5NNP4 kernel: [    0.000235]   Device   empty
Apr 13 13:28:50 DESKTOP-HF5NNP4 kernel: [    0.000236] Movable zone start for each node
Apr 13 13:28:50 DESKTOP-HF5NNP4 kernel: [    0.000236] Early memory node ranges
Apr 13 13:28:50 DESKTOP-HF5NNP4 kernel: [    0.000237]   node   0: [mem 0x0000000000001000-0x000000000009ffff]
Apr 13 13:28:50 DESKTOP-HF5NNP4 kernel: [    0.000237]   node   0: [mem 0x0000000000200000-0x00000000f7ffffff]
Apr 13 13:28:50 DESKTOP-HF5NNP4 kernel: [    0.000238]   node   0: [mem 0x0000000100000000-0x00000004021fffff]
Apr 13 13:28:50 DESKTOP-HF5NNP4 kernel: [    0.000239] Initmem setup node 0 [mem 0x0000000000001000-0x00000004021fffff]
Apr 13 13:28:50 DESKTOP-HF5NNP4 kernel: [    0.000254] On node 0, zone DMA: 1 pages in unavailable ranges
Apr 13 13:28:50 DESKTOP-HF5NNP4 kernel: [    0.000307] On node 0, zone DMA: 352 pages in unavailable ranges
Apr 13 13:28:50 DESKTOP-HF5NNP4 kernel: [    0.020725] On node 0, zone Normal: 24064 pages in unavailable ranges
Apr 13 13:28:50 DESKTOP-HF5NNP4 kernel: [    0.020760] ACPI: LAPIC_NMI (acpi_id[0x01] dfl dfl lint[0x1])
Apr 13 13:28:50 DESKTOP-HF5NNP4 kernel: [    0.021260] IOAPIC[0]: apic_id 32, version 17, address 0xfec00000, GSI 0-23
Apr 13 13:28:50 DESKTOP-HF5NNP4 kernel: [    0.021266] ACPI: INT_SRC_OVR (bus 0 bus_irq 9 global_irq 9 high level)
Apr 13 13:28:50 DESKTOP-HF5NNP4 kernel: [    0.021270] ACPI: Using ACPI (MADT) for SMP configuration information
Apr 13 13:28:50 DESKTOP-HF5NNP4 kernel: [    0.021270] TSC deadline timer available
Apr 13 13:28:50 DESKTOP-HF5NNP4 kernel: [    0.021272] smpboot: Allowing 32 CPUs, 0 hotplug CPUs
Apr 13 13:28:50 DESKTOP-HF5NNP4 kernel: [    0.021278] [mem 0xf8000000-0xffffffff] available for PCI devices
Apr 13 13:28:50 DESKTOP-HF5NNP4 kernel: [    0.021279] Booting paravirtualized kernel on Hyper-V
Apr 13 13:28:50 DESKTOP-HF5NNP4 kernel: [    0.021280] clocksource: refined-jiffies: mask: 0xffffffff max_cycles: 0xffffffff, max_idle_ns: 19112604462750000 ns
Apr 13 13:28:50 DESKTOP-HF5NNP4 kernel: [    0.024868] setup_percpu: NR_CPUS:256 nr_cpumask_bits:256 nr_cpu_ids:32 nr_node_ids:1
Apr 13 13:28:50 DESKTOP-HF5NNP4 kernel: [    0.027659] percpu: Embedded 53 pages/cpu s177624 r8192 d31272 u262144
Apr 13 13:28:50 DESKTOP-HF5NNP4 kernel: [    0.027664] pcpu-alloc: s177624 r8192 d31272 u262144 alloc=1*2097152
Apr 13 13:28:50 DESKTOP-HF5NNP4 kernel: [    0.027665] pcpu-alloc: [0] 00 01 02 03 04 05 06 07 [0] 08 09 10 11 12 13 14 15 
Apr 13 13:28:50 DESKTOP-HF5NNP4 kernel: [    0.027669] pcpu-alloc: [0] 16 17 18 19 20 21 22 23 [0] 24 25 26 27 28 29 30 31 
Apr 13 13:28:50 DESKTOP-HF5NNP4 kernel: [    0.027679] Hyper-V: PV spinlocks enabled
Apr 13 13:28:50 DESKTOP-HF5NNP4 kernel: [    0.027681] PV qspinlock hash table entries: 256 (order: 0, 4096 bytes, linear)
Apr 13 13:28:50 DESKTOP-HF5NNP4 kernel: [    0.027684] Built 1 zonelists, mobility grouping on.  Total pages: 4104061
Apr 13 13:28:50 DESKTOP-HF5NNP4 kernel: [    0.027685] Kernel command line: initrd=\initrd.img WSL_ROOT_INIT=1 panic=-1 nr_cpus=32 hv_utils.timesync_implicit=1 console=hvc0 debug pty.legacy_count=0
Apr 13 13:28:50 DESKTOP-HF5NNP4 kernel: [    0.027718] Unknown kernel command line parameters "WSL_ROOT_INIT=1", will be passed to user space.
Apr 13 13:28:50 DESKTOP-HF5NNP4 kernel: [    0.027719] printk: log_buf_len individual max cpu contribution: 4096 bytes
Apr 13 13:28:50 DESKTOP-HF5NNP4 kernel: [    0.027719] printk: log_buf_len total cpu_extra contributions: 126976 bytes
Apr 13 13:28:50 DESKTOP-HF5NNP4 kernel: [    0.027720] printk: log_buf_len min size: 131072 bytes
Apr 13 13:28:50 DESKTOP-HF5NNP4 kernel: [    0.028030] printk: log_buf_len: 262144 bytes
Apr 13 13:28:50 DESKTOP-HF5NNP4 kernel: [    0.028031] printk: early log buf free: 125584(95%)
Apr 13 13:28:50 DESKTOP-HF5NNP4 kernel: [    0.032883] Dentry cache hash table entries: 2097152 (order: 12, 16777216 bytes, linear)
Apr 13 13:28:50 DESKTOP-HF5NNP4 kernel: [    0.035688] Inode-cache hash table entries: 1048576 (order: 11, 8388608 bytes, linear)
Apr 13 13:28:50 DESKTOP-HF5NNP4 kernel: [    0.035957] mem auto-init: stack:off, heap alloc:off, heap free:off
Apr 13 13:28:50 DESKTOP-HF5NNP4 kernel: [    0.069042] Memory: 4124576K/16679548K available (18452K kernel code, 2628K rwdata, 9636K rodata, 2004K init, 1824K bss, 406608K reserved, 0K cma-reserved)
Apr 13 13:28:50 DESKTOP-HF5NNP4 kernel: [    0.069082] SLUB: HWalign=64, Order=0-3, MinObjects=0, CPUs=32, Nodes=1
Apr 13 13:28:50 DESKTOP-HF5NNP4 kernel: [    0.069108] ftrace: allocating 52828 entries in 207 pages
Apr 13 13:28:50 DESKTOP-HF5NNP4 kernel: [    0.082681] ftrace: allocated 207 pages with 6 groups
Apr 13 13:28:50 DESKTOP-HF5NNP4 kernel: [    0.082860] rcu: Hierarchical RCU implementation.
Apr 13 13:28:50 DESKTOP-HF5NNP4 kernel: [    0.082861] rcu: 	RCU restricting CPUs from NR_CPUS=256 to nr_cpu_ids=32.
Apr 13 13:28:50 DESKTOP-HF5NNP4 kernel: [    0.082862] 	Rude variant of Tasks RCU enabled.
Apr 13 13:28:50 DESKTOP-HF5NNP4 kernel: [    0.082862] 	Tracing variant of Tasks RCU enabled.
Apr 13 13:28:50 DESKTOP-HF5NNP4 kernel: [    0.082863] rcu: RCU calculated value of scheduler-enlistment delay is 10 jiffies.
Apr 13 13:28:50 DESKTOP-HF5NNP4 kernel: [    0.082863] rcu: Adjusting geometry for rcu_fanout_leaf=16, nr_cpu_ids=32
Apr 13 13:28:50 DESKTOP-HF5NNP4 kernel: [    0.085151] Using NULL legacy PIC
Apr 13 13:28:50 DESKTOP-HF5NNP4 kernel: [    0.085152] NR_IRQS: 16640, nr_irqs: 680, preallocated irqs: 0
Apr 13 13:28:50 DESKTOP-HF5NNP4 kernel: [    0.085314] random: crng init done
Apr 13 13:28:50 DESKTOP-HF5NNP4 kernel: [    0.085337] Console: colour dummy device 80x25
Apr 13 13:28:50 DESKTOP-HF5NNP4 kernel: [    0.085345] ACPI: Core revision 20210730
Apr 13 13:28:50 DESKTOP-HF5NNP4 kernel: [    0.085406] Failed to register legacy timer interrupt
Apr 13 13:28:50 DESKTOP-HF5NNP4 kernel: [    0.085407] APIC: Switch to symmetric I/O mode setup
Apr 13 13:28:50 DESKTOP-HF5NNP4 kernel: [    0.086222] x2apic enabled
Apr 13 13:28:50 DESKTOP-HF5NNP4 kernel: [    0.086989] Switched APIC routing to physical x2apic.
Apr 13 13:28:50 DESKTOP-HF5NNP4 kernel: [    0.087003] Hyper-V: Using IPI hypercalls
Apr 13 13:28:50 DESKTOP-HF5NNP4 kernel: [    0.087038] clocksource: tsc-early: mask: 0xffffffffffffffff max_cycles: 0x3990bc5adef, max_idle_ns: 881590438240 ns
Apr 13 13:28:50 DESKTOP-HF5NNP4 kernel: [    0.087042] Calibrating delay loop (skipped), value calculated using timer frequency.. 3993.59 BogoMIPS (lpj=19967990)
Apr 13 13:28:50 DESKTOP-HF5NNP4 kernel: [    0.087079] x86/cpu: User Mode Instruction Prevention (UMIP) activated
Apr 13 13:28:50 DESKTOP-HF5NNP4 kernel: [    0.087087] Last level iTLB entries: 4KB 0, 2MB 0, 4MB 0
Apr 13 13:28:50 DESKTOP-HF5NNP4 kernel: [    0.087087] Last level dTLB entries: 4KB 0, 2MB 0, 4MB 0, 1GB 0
Apr 13 13:28:50 DESKTOP-HF5NNP4 kernel: [    0.087089] Spectre V1 : Mitigation: usercopy/swapgs barriers and __user pointer sanitization
Apr 13 13:28:50 DESKTOP-HF5NNP4 kernel: [    0.087091] Spectre V2 : Mitigation: Enhanced IBRS
Apr 13 13:28:50 DESKTOP-HF5NNP4 kernel: [    0.087091] Spectre V2 : Spectre v2 / SpectreRSB mitigation: Filling RSB on context switch
Apr 13 13:28:50 DESKTOP-HF5NNP4 kernel: [    0.087092] Spectre V2 : Spectre v2 / PBRSB-eIBRS: Retire a single CALL on VMEXIT
Apr 13 13:28:50 DESKTOP-HF5NNP4 kernel: [    0.087092] RETBleed: Mitigation: Enhanced IBRS
Apr 13 13:28:50 DESKTOP-HF5NNP4 kernel: [    0.087093] Spectre V2 : mitigation: Enabling conditional Indirect Branch Prediction Barrier
Apr 13 13:28:50 DESKTOP-HF5NNP4 kernel: [    0.087094] Speculative Store Bypass: Mitigation: Speculative Store Bypass disabled via prctl and seccomp
Apr 13 13:28:50 DESKTOP-HF5NNP4 kernel: [    0.087102] x86/fpu: Supporting XSAVE feature 0x001: 'x87 floating point registers'
Apr 13 13:28:50 DESKTOP-HF5NNP4 kernel: [    0.087103] x86/fpu: Supporting XSAVE feature 0x002: 'SSE registers'
Apr 13 13:28:50 DESKTOP-HF5NNP4 kernel: [    0.087103] x86/fpu: Supporting XSAVE feature 0x004: 'AVX registers'
Apr 13 13:28:50 DESKTOP-HF5NNP4 kernel: [    0.087105] x86/fpu: xstate_offset[2]:  576, xstate_sizes[2]:  256
Apr 13 13:28:50 DESKTOP-HF5NNP4 kernel: [    0.087105] x86/fpu: Enabled xstate features 0x7, context size is 832 bytes, using 'compacted' format.
Apr 13 13:28:50 DESKTOP-HF5NNP4 kernel: [    0.095010] Freeing SMP alternatives memory: 60K
Apr 13 13:28:50 DESKTOP-HF5NNP4 kernel: [    0.095012] pid_max: default: 32768 minimum: 301
Apr 13 13:28:50 DESKTOP-HF5NNP4 kernel: [    0.095025] LSM: Security Framework initializing
Apr 13 13:28:50 DESKTOP-HF5NNP4 kernel: [    0.095028] landlock: Up and running.
Apr 13 13:28:50 DESKTOP-HF5NNP4 kernel: [    0.095128] Mount-cache hash table entries: 32768 (order: 6, 262144 bytes, linear)
Apr 13 13:28:50 DESKTOP-HF5NNP4 kernel: [    0.095203] Mountpoint-cache hash table entries: 32768 (order: 6, 262144 bytes, linear)
Apr 13 13:28:50 DESKTOP-HF5NNP4 kernel: [    0.095567] smpboot: CPU0: 13th Gen Intel(R) Core(TM) i9-13900F (family: 0x6, model: 0xb7, stepping: 0x1)
Apr 13 13:28:50 DESKTOP-HF5NNP4 kernel: [    0.095675] Performance Events: unsupported p6 CPU model 183 no PMU driver, software events only.
Apr 13 13:28:50 DESKTOP-HF5NNP4 kernel: [    0.095683] signal: max sigframe size: 1776
Apr 13 13:28:50 DESKTOP-HF5NNP4 kernel: [    0.095716] rcu: Hierarchical SRCU implementation.
Apr 13 13:28:50 DESKTOP-HF5NNP4 kernel: [    0.096193] smp: Bringing up secondary CPUs ...
Apr 13 13:28:50 DESKTOP-HF5NNP4 kernel: [    0.096275] x86: Booting SMP configuration:
Apr 13 13:28:50 DESKTOP-HF5NNP4 kernel: [    0.096275] .... node  #0, CPUs:        #1  #2  #3  #4  #5  #6  #7  #8  #9 #10 #11 #12 #13 #14 #15 #16 #17 #18 #19 #20 #21 #22 #23 #24 #25 #26 #27 #28 #29 #30 #31
Apr 13 13:28:50 DESKTOP-HF5NNP4 kernel: [    0.097556] smp: Brought up 1 node, 32 CPUs
Apr 13 13:28:50 DESKTOP-HF5NNP4 kernel: [    0.097559] smpboot: Max logical packages: 1
Apr 13 13:28:50 DESKTOP-HF5NNP4 kernel: [    0.097559] smpboot: Total of 32 processors activated (127795.13 BogoMIPS)
Apr 13 13:28:50 DESKTOP-HF5NNP4 kernel: [    0.144199] node 0 deferred pages initialised in 40ms
Apr 13 13:28:50 DESKTOP-HF5NNP4 kernel: [    0.145070] devtmpfs: initialized
Apr 13 13:28:50 DESKTOP-HF5NNP4 kernel: [    0.145070] x86/mm: Memory block size: 128MB
Apr 13 13:28:50 DESKTOP-HF5NNP4 kernel: [    0.145070] clocksource: jiffies: mask: 0xffffffff max_cycles: 0xffffffff, max_idle_ns: 19112604462750000 ns
Apr 13 13:28:50 DESKTOP-HF5NNP4 kernel: [    0.145070] futex hash table entries: 8192 (order: 7, 524288 bytes, linear)
Apr 13 13:28:50 DESKTOP-HF5NNP4 kernel: [    0.147649] NET: Registered PF_NETLINK/PF_ROUTE protocol family
Apr 13 13:28:50 DESKTOP-HF5NNP4 kernel: [    0.147680] audit: initializing netlink subsys (disabled)
Apr 13 13:28:50 DESKTOP-HF5NNP4 kernel: [    0.147691] audit: type=2000 audit(1744540126.060:1): state=initialized audit_enabled=0 res=1
Apr 13 13:28:50 DESKTOP-HF5NNP4 kernel: [    0.147691] thermal_sys: Registered thermal governor 'step_wise'
Apr 13 13:28:50 DESKTOP-HF5NNP4 kernel: [    0.147691] cpuidle: using governor menu
Apr 13 13:28:50 DESKTOP-HF5NNP4 kernel: [    0.147691] ACPI: bus type PCI registered
Apr 13 13:28:50 DESKTOP-HF5NNP4 kernel: [    0.147691] PCI: Fatal: No config space access function found
Apr 13 13:28:50 DESKTOP-HF5NNP4 kernel: [    0.147866] kprobes: kprobe jump-optimization is enabled. All kprobes are optimized if possible.
Apr 13 13:28:50 DESKTOP-HF5NNP4 kernel: [    0.147882] HugeTLB registered 1.00 GiB page size, pre-allocated 0 pages
Apr 13 13:28:50 DESKTOP-HF5NNP4 kernel: [    0.147882] HugeTLB registered 2.00 MiB page size, pre-allocated 0 pages
Apr 13 13:28:50 DESKTOP-HF5NNP4 kernel: [    0.147882] raid6: skip pq benchmark and using algorithm avx2x4
Apr 13 13:28:50 DESKTOP-HF5NNP4 kernel: [    0.147882] raid6: using avx2x2 recovery algorithm
Apr 13 13:28:50 DESKTOP-HF5NNP4 kernel: [    0.147882] ACPI: Added _OSI(Module Device)
Apr 13 13:28:50 DESKTOP-HF5NNP4 kernel: [    0.147882] ACPI: Added _OSI(Processor Device)
Apr 13 13:28:50 DESKTOP-HF5NNP4 kernel: [    0.147882] ACPI: Added _OSI(3.0 _SCP Extensions)
Apr 13 13:28:50 DESKTOP-HF5NNP4 kernel: [    0.147882] ACPI: Added _OSI(Processor Aggregator Device)
Apr 13 13:28:50 DESKTOP-HF5NNP4 kernel: [    0.147882] ACPI: Added _OSI(Linux-Dell-Video)
Apr 13 13:28:50 DESKTOP-HF5NNP4 kernel: [    0.147882] ACPI: Added _OSI(Linux-Lenovo-NV-HDMI-Audio)
Apr 13 13:28:50 DESKTOP-HF5NNP4 kernel: [    0.147882] ACPI: Added _OSI(Linux-HPI-Hybrid-Graphics)
Apr 13 13:28:50 DESKTOP-HF5NNP4 kernel: [    0.148746] ACPI: 1 ACPI AML tables successfully acquired and loaded
Apr 13 13:28:50 DESKTOP-HF5NNP4 kernel: [    0.149174] ACPI: Interpreter enabled
Apr 13 13:28:50 DESKTOP-HF5NNP4 kernel: [    0.149176] ACPI: PM: (supports S0 S5)
Apr 13 13:28:50 DESKTOP-HF5NNP4 kernel: [    0.149176] ACPI: Using IOAPIC for interrupt routing
Apr 13 13:28:50 DESKTOP-HF5NNP4 kernel: [    0.149180] PCI: Using host bridge windows from ACPI; if necessary, use "pci=nocrs" and report a bug
Apr 13 13:28:50 DESKTOP-HF5NNP4 kernel: [    0.149258] ACPI: Enabled 1 GPEs in block 00 to 0F
Apr 13 13:28:50 DESKTOP-HF5NNP4 kernel: [    0.149786] iommu: Default domain type: Translated 
Apr 13 13:28:50 DESKTOP-HF5NNP4 kernel: [    0.149786] iommu: DMA domain TLB invalidation policy: lazy mode 
Apr 13 13:28:50 DESKTOP-HF5NNP4 kernel: [    0.149830] SCSI subsystem initialized
Apr 13 13:28:50 DESKTOP-HF5NNP4 kernel: [    0.149834] ACPI: bus type USB registered
Apr 13 13:28:50 DESKTOP-HF5NNP4 kernel: [    0.149839] usbcore: registered new interface driver usbfs
Apr 13 13:28:50 DESKTOP-HF5NNP4 kernel: [    0.149842] usbcore: registered new interface driver hub
Apr 13 13:28:50 DESKTOP-HF5NNP4 kernel: [    0.149846] usbcore: registered new device driver usb
Apr 13 13:28:50 DESKTOP-HF5NNP4 kernel: [    0.149850] pps_core: LinuxPPS API ver. 1 registered
Apr 13 13:28:50 DESKTOP-HF5NNP4 kernel: [    0.149850] pps_core: Software ver. 5.3.6 - Copyright 2005-2007 Rodolfo Giometti <giometti@linux.it>
Apr 13 13:28:50 DESKTOP-HF5NNP4 kernel: [    0.149851] PTP clock support registered
Apr 13 13:28:50 DESKTOP-HF5NNP4 kernel: [    0.149865] hv_vmbus: Vmbus version:5.3
Apr 13 13:28:50 DESKTOP-HF5NNP4 kernel: [    0.149865] PCI: Using ACPI for IRQ routing
Apr 13 13:28:50 DESKTOP-HF5NNP4 kernel: [    0.149865] PCI: System does not support PCI
Apr 13 13:28:50 DESKTOP-HF5NNP4 kernel: [    0.149865] hv_vmbus: Unknown GUID: c376c1c3-d276-48d2-90a9-c04748072c60
Apr 13 13:28:50 DESKTOP-HF5NNP4 kernel: [    0.149865] clocksource: Switched to clocksource tsc-early
Apr 13 13:28:50 DESKTOP-HF5NNP4 kernel: [    0.149865] hv_vmbus: Unknown GUID: 6e382d18-3336-4f4b-acc4-2b7703d4df4a
Apr 13 13:28:50 DESKTOP-HF5NNP4 kernel: [    0.149865] hv_vmbus: Unknown GUID: dde9cbc0-5060-4436-9448-ea1254a5d177
Apr 13 13:28:50 DESKTOP-HF5NNP4 kernel: [    0.156237] VFS: Disk quotas dquot_6.6.0
Apr 13 13:28:50 DESKTOP-HF5NNP4 kernel: [    0.156245] VFS: Dquot-cache hash table entries: 512 (order 0, 4096 bytes)
Apr 13 13:28:50 DESKTOP-HF5NNP4 kernel: [    0.156255] FS-Cache: Loaded
Apr 13 13:28:50 DESKTOP-HF5NNP4 kernel: [    0.156271] pnp: PnP ACPI init
Apr 13 13:28:50 DESKTOP-HF5NNP4 kernel: [    0.156328] pnp: PnP ACPI: found 1 devices
Apr 13 13:28:50 DESKTOP-HF5NNP4 kernel: [    0.158468] NET: Registered PF_INET protocol family
Apr 13 13:28:50 DESKTOP-HF5NNP4 kernel: [    0.159141] IP idents hash table entries: 262144 (order: 9, 2097152 bytes, linear)
Apr 13 13:28:50 DESKTOP-HF5NNP4 kernel: [    0.159774] tcp_listen_portaddr_hash hash table entries: 8192 (order: 5, 131072 bytes, linear)
Apr 13 13:28:50 DESKTOP-HF5NNP4 kernel: [    0.159820] Table-perturb hash table entries: 65536 (order: 6, 262144 bytes, linear)
Apr 13 13:28:50 DESKTOP-HF5NNP4 kernel: [    0.159822] TCP established hash table entries: 131072 (order: 8, 1048576 bytes, linear)
Apr 13 13:28:50 DESKTOP-HF5NNP4 kernel: [    0.160160] TCP bind hash table entries: 65536 (order: 8, 1048576 bytes, linear)
Apr 13 13:28:50 DESKTOP-HF5NNP4 kernel: [    0.160493] TCP: Hash tables configured (established 131072 bind 65536)
Apr 13 13:28:50 DESKTOP-HF5NNP4 kernel: [    0.160570] UDP hash table entries: 8192 (order: 6, 262144 bytes, linear)
Apr 13 13:28:50 DESKTOP-HF5NNP4 kernel: [    0.160639] UDP-Lite hash table entries: 8192 (order: 6, 262144 bytes, linear)
Apr 13 13:28:50 DESKTOP-HF5NNP4 kernel: [    0.160774] NET: Registered PF_UNIX/PF_LOCAL protocol family
Apr 13 13:28:50 DESKTOP-HF5NNP4 kernel: [    0.161013] RPC: Registered named UNIX socket transport module.
Apr 13 13:28:50 DESKTOP-HF5NNP4 kernel: [    0.161014] RPC: Registered udp transport module.
Apr 13 13:28:50 DESKTOP-HF5NNP4 kernel: [    0.161015] RPC: Registered tcp transport module.
Apr 13 13:28:50 DESKTOP-HF5NNP4 kernel: [    0.161015] RPC: Registered tcp NFSv4.1 backchannel transport module.
Apr 13 13:28:50 DESKTOP-HF5NNP4 kernel: [    0.161017] PCI: CLS 0 bytes, default 64
Apr 13 13:28:50 DESKTOP-HF5NNP4 kernel: [    0.161029] PCI-DMA: Using software bounce buffering for IO (SWIOTLB)
Apr 13 13:28:50 DESKTOP-HF5NNP4 kernel: [    0.161029] software IO TLB: mapped [mem 0x00000000f4000000-0x00000000f8000000] (64MB)
Apr 13 13:28:50 DESKTOP-HF5NNP4 kernel: [    0.161044] KVM: vmx: using Hyper-V Enlightened VMCS
Apr 13 13:28:50 DESKTOP-HF5NNP4 kernel: [    0.161100] Trying to unpack rootfs image as initramfs...
Apr 13 13:28:50 DESKTOP-HF5NNP4 kernel: [    0.162466] Freeing initrd memory: 1884K
Apr 13 13:28:50 DESKTOP-HF5NNP4 kernel: [    0.299858] kvm: already loaded the other module
Apr 13 13:28:50 DESKTOP-HF5NNP4 kernel: [    0.302815] Initialise system trusted keyrings
Apr 13 13:28:50 DESKTOP-HF5NNP4 kernel: [    0.302871] workingset: timestamp_bits=46 max_order=22 bucket_order=0
Apr 13 13:28:50 DESKTOP-HF5NNP4 kernel: [    0.303421] squashfs: version 4.0 (2009/01/31) Phillip Lougher
Apr 13 13:28:50 DESKTOP-HF5NNP4 kernel: [    0.303556] NFS: Registering the id_resolver key type
Apr 13 13:28:50 DESKTOP-HF5NNP4 kernel: [    0.303560] Key type id_resolver registered
Apr 13 13:28:50 DESKTOP-HF5NNP4 kernel: [    0.303560] Key type id_legacy registered
Apr 13 13:28:50 DESKTOP-HF5NNP4 kernel: [    0.303561] nfs4filelayout_init: NFSv4 File Layout Driver Registering...
Apr 13 13:28:50 DESKTOP-HF5NNP4 kernel: [    0.303563] nfs4flexfilelayout_init: NFSv4 Flexfile Layout Driver Registering...
Apr 13 13:28:50 DESKTOP-HF5NNP4 kernel: [    0.303564] Installing knfsd (copyright (C) 1996 okir@monad.swb.de).
Apr 13 13:28:50 DESKTOP-HF5NNP4 kernel: [    0.304130] Key type cifs.idmap registered
Apr 13 13:28:50 DESKTOP-HF5NNP4 kernel: [    0.304164] fuse: init (API version 7.34)
Apr 13 13:28:50 DESKTOP-HF5NNP4 kernel: [    0.304238] SGI XFS with ACLs, security attributes, realtime, scrub, repair, quota, no debug enabled
Apr 13 13:28:50 DESKTOP-HF5NNP4 kernel: [    0.304419] 9p: Installing v9fs 9p2000 file system support
Apr 13 13:28:50 DESKTOP-HF5NNP4 kernel: [    0.304424] FS-Cache: Netfs '9p' registered for caching
Apr 13 13:28:50 DESKTOP-HF5NNP4 kernel: [    0.304444] FS-Cache: Netfs 'ceph' registered for caching
Apr 13 13:28:50 DESKTOP-HF5NNP4 kernel: [    0.304445] ceph: loaded (mds proto 32)
Apr 13 13:28:50 DESKTOP-HF5NNP4 kernel: [    0.308813] NET: Registered PF_ALG protocol family
Apr 13 13:28:50 DESKTOP-HF5NNP4 kernel: [    0.308814] xor: automatically using best checksumming function   avx       
Apr 13 13:28:50 DESKTOP-HF5NNP4 kernel: [    0.308815] Key type asymmetric registered
Apr 13 13:28:50 DESKTOP-HF5NNP4 kernel: [    0.308816] Asymmetric key parser 'x509' registered
Apr 13 13:28:50 DESKTOP-HF5NNP4 kernel: [    0.308827] Block layer SCSI generic (bsg) driver version 0.4 loaded (major 248)
Apr 13 13:28:50 DESKTOP-HF5NNP4 kernel: [    0.309607] hv_vmbus: registering driver hv_pci
Apr 13 13:28:50 DESKTOP-HF5NNP4 kernel: [    0.310095] hv_pci c4b741f5-5582-4c98-8f8b-2e082933c396: PCI VMBus probing: Using version 0x10004
Apr 13 13:28:50 DESKTOP-HF5NNP4 kernel: [    0.311148] hv_pci c4b741f5-5582-4c98-8f8b-2e082933c396: PCI host bridge to bus 5582:00
Apr 13 13:28:50 DESKTOP-HF5NNP4 kernel: [    0.311150] pci_bus 5582:00: root bus resource [mem 0x9ffe00000-0x9ffe02fff window]
Apr 13 13:28:50 DESKTOP-HF5NNP4 kernel: [    0.311151] pci_bus 5582:00: No busn resource found for root bus, will use [bus 00-ff]
Apr 13 13:28:50 DESKTOP-HF5NNP4 kernel: [    0.311434] pci 5582:00:00.0: [1af4:1043] type 00 class 0x010000
Apr 13 13:28:50 DESKTOP-HF5NNP4 kernel: [    0.312199] pci 5582:00:00.0: reg 0x10: [mem 0x9ffe00000-0x9ffe00fff 64bit]
Apr 13 13:28:50 DESKTOP-HF5NNP4 kernel: [    0.312431] pci 5582:00:00.0: reg 0x18: [mem 0x9ffe01000-0x9ffe01fff 64bit]
Apr 13 13:28:50 DESKTOP-HF5NNP4 kernel: [    0.312655] pci 5582:00:00.0: reg 0x20: [mem 0x9ffe02000-0x9ffe02fff 64bit]
Apr 13 13:28:50 DESKTOP-HF5NNP4 kernel: [    0.313760] pci_bus 5582:00: busn_res: [bus 00-ff] end is updated to 00
Apr 13 13:28:50 DESKTOP-HF5NNP4 kernel: [    0.313763] pci 5582:00:00.0: BAR 0: assigned [mem 0x9ffe00000-0x9ffe00fff 64bit]
Apr 13 13:28:50 DESKTOP-HF5NNP4 kernel: [    0.313918] pci 5582:00:00.0: BAR 2: assigned [mem 0x9ffe01000-0x9ffe01fff 64bit]
Apr 13 13:28:50 DESKTOP-HF5NNP4 kernel: [    0.314075] pci 5582:00:00.0: BAR 4: assigned [mem 0x9ffe02000-0x9ffe02fff 64bit]
Apr 13 13:28:50 DESKTOP-HF5NNP4 kernel: [    0.314391] hv_pci da48f26d-c69d-4437-863a-f73a984bd72a: PCI VMBus probing: Using version 0x10004
Apr 13 13:28:50 DESKTOP-HF5NNP4 kernel: [    0.314692] hv_pci da48f26d-c69d-4437-863a-f73a984bd72a: PCI host bridge to bus c69d:00
Apr 13 13:28:50 DESKTOP-HF5NNP4 kernel: [    0.314694] pci_bus c69d:00: No busn resource found for root bus, will use [bus 00-ff]
Apr 13 13:28:50 DESKTOP-HF5NNP4 kernel: [    0.314823] pci c69d:00:00.0: [1414:008e] type 00 class 0x030200
Apr 13 13:28:50 DESKTOP-HF5NNP4 kernel: [    0.316307] pci_bus c69d:00: busn_res: [bus 00-ff] end is updated to 00
Apr 13 13:28:50 DESKTOP-HF5NNP4 kernel: [    0.318075] Serial: 8250/16550 driver, 4 ports, IRQ sharing disabled
Apr 13 13:28:50 DESKTOP-HF5NNP4 kernel: [    0.336767] Non-volatile memory driver v1.3
Apr 13 13:28:50 DESKTOP-HF5NNP4 kernel: [    0.336896] [drm] Initialized vgem 1.0.0 20120112 for vgem on minor 0
Apr 13 13:28:50 DESKTOP-HF5NNP4 kernel: [    0.338758] printk: console [hvc0] enabled
Apr 13 13:28:50 DESKTOP-HF5NNP4 kernel: [    0.340033] brd: module loaded
Apr 13 13:28:50 DESKTOP-HF5NNP4 kernel: [    0.340818] loop: module loaded
Apr 13 13:28:50 DESKTOP-HF5NNP4 kernel: [    0.340965] hv_vmbus: registering driver hv_storvsc
Apr 13 13:28:50 DESKTOP-HF5NNP4 kernel: [    0.341130] wireguard: WireGuard 1.0.0 loaded. See www.wireguard.com for information.
Apr 13 13:28:50 DESKTOP-HF5NNP4 kernel: [    0.341314] wireguard: Copyright (C) 2015-2019 Jason A. Donenfeld <Jason@zx2c4.com>. All Rights Reserved.
Apr 13 13:28:50 DESKTOP-HF5NNP4 kernel: [    0.341503] tun: Universal TUN/TAP device driver, 1.6
Apr 13 13:28:50 DESKTOP-HF5NNP4 kernel: [    0.341656] PPP generic driver version 2.4.2
Apr 13 13:28:50 DESKTOP-HF5NNP4 kernel: [    0.341902] PPP BSD Compression module registered
Apr 13 13:28:50 DESKTOP-HF5NNP4 kernel: [    0.341936] scsi host0: storvsc_host_t
Apr 13 13:28:50 DESKTOP-HF5NNP4 kernel: [    0.342046] PPP Deflate Compression module registered
Apr 13 13:28:50 DESKTOP-HF5NNP4 kernel: [    0.342279] PPP MPPE Compression module registered
Apr 13 13:28:50 DESKTOP-HF5NNP4 kernel: [    0.342399] NET: Registered PF_PPPOX protocol family
Apr 13 13:28:50 DESKTOP-HF5NNP4 kernel: [    0.342549] usbcore: registered new interface driver cdc_ether
Apr 13 13:28:50 DESKTOP-HF5NNP4 kernel: [    0.342731] usbcore: registered new interface driver cdc_ncm
Apr 13 13:28:50 DESKTOP-HF5NNP4 kernel: [    0.342884] usbcore: registered new interface driver r8153_ecm
Apr 13 13:28:50 DESKTOP-HF5NNP4 kernel: [    0.343044] hv_vmbus: registering driver hv_netvsc
Apr 13 13:28:50 DESKTOP-HF5NNP4 kernel: [    0.343213] VFIO - User Level meta-driver version: 0.3
Apr 13 13:28:50 DESKTOP-HF5NNP4 kernel: [    0.343501] usbcore: registered new interface driver cdc_acm
Apr 13 13:28:50 DESKTOP-HF5NNP4 kernel: [    0.343666] cdc_acm: USB Abstract Control Model driver for USB modems and ISDN adapters
Apr 13 13:28:50 DESKTOP-HF5NNP4 kernel: [    0.343956] vhci_hcd vhci_hcd.0: USB/IP Virtual Host Controller
Apr 13 13:28:50 DESKTOP-HF5NNP4 kernel: [    0.344122] vhci_hcd vhci_hcd.0: new USB bus registered, assigned bus number 1
Apr 13 13:28:50 DESKTOP-HF5NNP4 kernel: [    0.344304] vhci_hcd: created sysfs vhci_hcd.0
Apr 13 13:28:50 DESKTOP-HF5NNP4 kernel: [    0.344528] usb usb1: New USB device found, idVendor=1d6b, idProduct=0002, bcdDevice= 5.15
Apr 13 13:28:50 DESKTOP-HF5NNP4 kernel: [    0.344720] usb usb1: New USB device strings: Mfr=3, Product=2, SerialNumber=1
Apr 13 13:28:50 DESKTOP-HF5NNP4 kernel: [    0.344896] usb usb1: Product: USB/IP Virtual Host Controller
Apr 13 13:28:50 DESKTOP-HF5NNP4 kernel: [    0.345093] usb usb1: Manufacturer: Linux 5.15.146.1-microsoft-standard-WSL2 vhci_hcd
Apr 13 13:28:50 DESKTOP-HF5NNP4 kernel: [    0.345283] usb usb1: SerialNumber: vhci_hcd.0
Apr 13 13:28:50 DESKTOP-HF5NNP4 kernel: [    0.345474] hub 1-0:1.0: USB hub found
Apr 13 13:28:50 DESKTOP-HF5NNP4 kernel: [    0.345584] hub 1-0:1.0: 8 ports detected
Apr 13 13:28:50 DESKTOP-HF5NNP4 kernel: [    0.345834] vhci_hcd vhci_hcd.0: USB/IP Virtual Host Controller
Apr 13 13:28:50 DESKTOP-HF5NNP4 kernel: [    0.346013] vhci_hcd vhci_hcd.0: new USB bus registered, assigned bus number 2
Apr 13 13:28:50 DESKTOP-HF5NNP4 kernel: [    0.346251] usb usb2: We don't know the algorithms for LPM for this host, disabling LPM.
Apr 13 13:28:50 DESKTOP-HF5NNP4 kernel: [    0.346514] usb usb2: New USB device found, idVendor=1d6b, idProduct=0003, bcdDevice= 5.15
Apr 13 13:28:50 DESKTOP-HF5NNP4 kernel: [    0.346702] usb usb2: New USB device strings: Mfr=3, Product=2, SerialNumber=1
Apr 13 13:28:50 DESKTOP-HF5NNP4 kernel: [    0.346881] usb usb2: Product: USB/IP Virtual Host Controller
Apr 13 13:28:50 DESKTOP-HF5NNP4 kernel: [    0.347029] usb usb2: Manufacturer: Linux 5.15.146.1-microsoft-standard-WSL2 vhci_hcd
Apr 13 13:28:50 DESKTOP-HF5NNP4 kernel: [    0.347219] usb usb2: SerialNumber: vhci_hcd.0
Apr 13 13:28:50 DESKTOP-HF5NNP4 kernel: [    0.347439] hub 2-0:1.0: USB hub found
Apr 13 13:28:50 DESKTOP-HF5NNP4 kernel: [    0.347541] hub 2-0:1.0: 8 ports detected
Apr 13 13:28:50 DESKTOP-HF5NNP4 kernel: [    0.347785] hv_vmbus: registering driver hyperv_keyboard
Apr 13 13:28:50 DESKTOP-HF5NNP4 kernel: [    0.347911] rtc_cmos 00:00: RTC can wake from S4
Apr 13 13:28:50 DESKTOP-HF5NNP4 kernel: [    0.348863] rtc_cmos 00:00: registered as rtc0
Apr 13 13:28:50 DESKTOP-HF5NNP4 kernel: [    0.349153] rtc_cmos 00:00: setting system clock to 2025-04-13T10:28:46 UTC (1744540126)
Apr 13 13:28:50 DESKTOP-HF5NNP4 kernel: [    0.349399] rtc_cmos 00:00: alarms up to one month, 114 bytes nvram
Apr 13 13:28:50 DESKTOP-HF5NNP4 kernel: [    0.349682] device-mapper: ioctl: 4.45.0-ioctl (2021-03-22) initialised: dm-devel@redhat.com
Apr 13 13:28:50 DESKTOP-HF5NNP4 kernel: [    0.350009] device-mapper: raid: Loading target version 1.15.1
Apr 13 13:28:50 DESKTOP-HF5NNP4 kernel: [    0.350197] usbcore: registered new interface driver usbhid
Apr 13 13:28:50 DESKTOP-HF5NNP4 kernel: [    0.350454] usbhid: USB HID core driver
Apr 13 13:28:50 DESKTOP-HF5NNP4 kernel: [    0.350607] hv_utils: Registering HyperV Utility Driver
Apr 13 13:28:50 DESKTOP-HF5NNP4 kernel: [    0.350757] hv_vmbus: registering driver hv_utils
Apr 13 13:28:50 DESKTOP-HF5NNP4 kernel: [    0.350889] hv_vmbus: registering driver hv_balloon
Apr 13 13:28:50 DESKTOP-HF5NNP4 kernel: [    0.351090] hv_vmbus: registering driver dxgkrnl
Apr 13 13:28:50 DESKTOP-HF5NNP4 kernel: [    0.351274] hv_utils: TimeSync IC version 4.0
Apr 13 13:28:50 DESKTOP-HF5NNP4 kernel: [    0.351522] hv_balloon: Using Dynamic Memory protocol version 2.0
Apr 13 13:28:50 DESKTOP-HF5NNP4 kernel: [    0.351708] drop_monitor: Initializing network drop monitor service
Apr 13 13:28:50 DESKTOP-HF5NNP4 kernel: [    0.352249] Mirror/redirect action on
Apr 13 13:28:50 DESKTOP-HF5NNP4 kernel: [    0.352400] u32 classifier
Apr 13 13:28:50 DESKTOP-HF5NNP4 kernel: [    0.352534]     Performance counters on
Apr 13 13:28:50 DESKTOP-HF5NNP4 kernel: [    0.352735]     input device check on
Apr 13 13:28:50 DESKTOP-HF5NNP4 kernel: [    0.352737] Free page reporting enabled
Apr 13 13:28:50 DESKTOP-HF5NNP4 kernel: [    0.352852]     Actions configured
Apr 13 13:28:50 DESKTOP-HF5NNP4 kernel: [    0.352978] hv_balloon: Cold memory discard hint enabled with order 9
Apr 13 13:28:50 DESKTOP-HF5NNP4 kernel: [    0.354875] IPVS: Registered protocols (TCP, UDP)
Apr 13 13:28:50 DESKTOP-HF5NNP4 kernel: [    0.355069] IPVS: Connection hash table configured (size=4096, memory=32Kbytes)
Apr 13 13:28:50 DESKTOP-HF5NNP4 kernel: [    0.355267] IPVS: ipvs loaded.
Apr 13 13:28:50 DESKTOP-HF5NNP4 kernel: [    0.355359] IPVS: [rr] scheduler registered.
Apr 13 13:28:50 DESKTOP-HF5NNP4 kernel: [    0.355477] IPVS: [wrr] scheduler registered.
Apr 13 13:28:50 DESKTOP-HF5NNP4 kernel: [    0.355594] IPVS: [sh] scheduler registered.
Apr 13 13:28:50 DESKTOP-HF5NNP4 kernel: [    0.355735] ipt_CLUSTERIP: ClusterIP Version 0.8 loaded successfully
Apr 13 13:28:50 DESKTOP-HF5NNP4 kernel: [    0.355899] Initializing XFRM netlink socket
Apr 13 13:28:50 DESKTOP-HF5NNP4 kernel: [    0.356044] NET: Registered PF_INET6 protocol family
Apr 13 13:28:50 DESKTOP-HF5NNP4 kernel: [    0.356576] Segment Routing with IPv6
Apr 13 13:28:50 DESKTOP-HF5NNP4 kernel: [    0.356677] In-situ OAM (IOAM) with IPv6
Apr 13 13:28:50 DESKTOP-HF5NNP4 kernel: [    0.356802] NET: Registered PF_PACKET protocol family
Apr 13 13:28:50 DESKTOP-HF5NNP4 kernel: [    0.356935] Bridge firewalling registered
Apr 13 13:28:50 DESKTOP-HF5NNP4 kernel: [    0.357097] 8021q: 802.1Q VLAN Support v1.8
Apr 13 13:28:50 DESKTOP-HF5NNP4 kernel: [    0.357209] sctp: Hash tables configured (bind 256/256)
Apr 13 13:28:50 DESKTOP-HF5NNP4 kernel: [    0.357409] 9pnet: Installing 9P2000 support
Apr 13 13:28:50 DESKTOP-HF5NNP4 kernel: [    0.357539] Key type dns_resolver registered
Apr 13 13:28:50 DESKTOP-HF5NNP4 kernel: [    0.357657] Key type ceph registered
Apr 13 13:28:50 DESKTOP-HF5NNP4 kernel: [    0.357826] libceph: loaded (mon/osd proto 15/24)
Apr 13 13:28:50 DESKTOP-HF5NNP4 kernel: [    0.357995] NET: Registered PF_VSOCK protocol family
Apr 13 13:28:50 DESKTOP-HF5NNP4 kernel: [    0.358121] hv_vmbus: registering driver hv_sock
Apr 13 13:28:50 DESKTOP-HF5NNP4 kernel: [    0.358258] IPI shorthand broadcast: enabled
Apr 13 13:28:50 DESKTOP-HF5NNP4 kernel: [    0.358417] sched_clock: Marking stable (356253653, 1735100)->(376434400, -18445647)
Apr 13 13:28:50 DESKTOP-HF5NNP4 kernel: [    0.359424] registered taskstats version 1
Apr 13 13:28:50 DESKTOP-HF5NNP4 kernel: [    0.360382] Loading compiled-in X.509 certificates
Apr 13 13:28:50 DESKTOP-HF5NNP4 kernel: [    0.377102] Btrfs loaded, crc32c=crc32c-generic, zoned=no, fsverity=no
Apr 13 13:28:50 DESKTOP-HF5NNP4 kernel: [    0.392337] Freeing unused kernel image (initmem) memory: 2004K
Apr 13 13:28:50 DESKTOP-HF5NNP4 kernel: [    0.441872] Write protecting the kernel read-only data: 30720k
Apr 13 13:28:50 DESKTOP-HF5NNP4 kernel: [    0.444042] Freeing unused kernel image (text/rodata gap) memory: 2024K
Apr 13 13:28:50 DESKTOP-HF5NNP4 kernel: [    0.444886] Freeing unused kernel image (rodata/data gap) memory: 604K
Apr 13 13:28:50 DESKTOP-HF5NNP4 kernel: [    0.445063] Run /init as init process
Apr 13 13:28:50 DESKTOP-HF5NNP4 kernel: [    0.445150]   with arguments:
Apr 13 13:28:50 DESKTOP-HF5NNP4 kernel: [    0.445237]     /init
Apr 13 13:28:50 DESKTOP-HF5NNP4 kernel: [    0.445304]   with environment:
Apr 13 13:28:50 DESKTOP-HF5NNP4 kernel: [    0.445388]     HOME=/
Apr 13 13:28:50 DESKTOP-HF5NNP4 kernel: [    0.445444]     TERM=linux
Apr 13 13:28:50 DESKTOP-HF5NNP4 kernel: [    0.445504]     WSL_ROOT_INIT=1
Apr 13 13:28:50 DESKTOP-HF5NNP4 kernel: [    0.452676] scsi 0:0:0:0: Direct-Access     Msft     Virtual Disk     1.0  PQ: 0 ANSI: 5
Apr 13 13:28:50 DESKTOP-HF5NNP4 kernel: [    0.466474] sd 0:0:0:0: Attached scsi generic sg0 type 0
Apr 13 13:28:50 DESKTOP-HF5NNP4 kernel: [    0.466849] sd 0:0:0:0: [sda] 795664 512-byte logical blocks: (407 MB/389 MiB)
Apr 13 13:28:50 DESKTOP-HF5NNP4 kernel: [    0.467218] scsi 0:0:0:1: Direct-Access     Msft     Virtual Disk     1.0  PQ: 0 ANSI: 5
Apr 13 13:28:50 DESKTOP-HF5NNP4 kernel: [    0.467679] sd 0:0:0:0: [sda] Write Protect is on
Apr 13 13:28:50 DESKTOP-HF5NNP4 kernel: [    0.467836] sd 0:0:0:0: [sda] Mode Sense: 0f 00 80 00
Apr 13 13:28:50 DESKTOP-HF5NNP4 kernel: [    0.468078] sd 0:0:0:0: [sda] Write cache: disabled, read cache: enabled, doesn't support DPO or FUA
Apr 13 13:28:50 DESKTOP-HF5NNP4 kernel: [    0.470226] sd 0:0:0:0: [sda] Attached SCSI disk
Apr 13 13:28:50 DESKTOP-HF5NNP4 kernel: [    0.480301] sd 0:0:0:1: Attached scsi generic sg1 type 0
Apr 13 13:28:50 DESKTOP-HF5NNP4 kernel: [    0.480660] sd 0:0:0:1: [sdb] 8388616 512-byte logical blocks: (4.29 GB/4.00 GiB)
Apr 13 13:28:50 DESKTOP-HF5NNP4 kernel: [    0.480869] sd 0:0:0:1: [sdb] 4096-byte physical blocks
Apr 13 13:28:50 DESKTOP-HF5NNP4 kernel: [    0.481035] sd 0:0:0:1: [sdb] Write Protect is off
Apr 13 13:28:50 DESKTOP-HF5NNP4 kernel: [    0.481178] sd 0:0:0:1: [sdb] Mode Sense: 0f 00 00 00
Apr 13 13:28:50 DESKTOP-HF5NNP4 kernel: [    0.481388] sd 0:0:0:1: [sdb] Write cache: enabled, read cache: enabled, doesn't support DPO or FUA
Apr 13 13:28:50 DESKTOP-HF5NNP4 kernel: [    0.482851] sd 0:0:0:1: [sdb] Attached SCSI disk
Apr 13 13:28:50 DESKTOP-HF5NNP4 kernel: [    0.565921] EXT4-fs (sda): mounted filesystem without journal. Opts: (null). Quota mode: none.
Apr 13 13:28:50 DESKTOP-HF5NNP4 kernel: [    0.758128] Adding 4194304k swap on /dev/sdb.  Priority:-2 extents:1 across:4194304k 
Apr 13 13:28:50 DESKTOP-HF5NNP4 kernel: [    0.827967] IPv6: ADDRCONF(NETDEV_CHANGE): eth0: link becomes ready
Apr 13 13:28:50 DESKTOP-HF5NNP4 kernel: [    0.952818] hv_pci 27163803-e4c3-4bbb-9557-0d7303db9d6d: PCI VMBus probing: Using version 0x10004
Apr 13 13:28:50 DESKTOP-HF5NNP4 kernel: [    0.954398] hv_pci 27163803-e4c3-4bbb-9557-0d7303db9d6d: PCI host bridge to bus e4c3:00
Apr 13 13:28:50 DESKTOP-HF5NNP4 kernel: [    0.954619] pci_bus e4c3:00: root bus resource [mem 0xc00000000-0xe00001fff window]
Apr 13 13:28:50 DESKTOP-HF5NNP4 kernel: [    0.954788] pci_bus e4c3:00: No busn resource found for root bus, will use [bus 00-ff]
Apr 13 13:28:50 DESKTOP-HF5NNP4 kernel: [    0.955313] pci e4c3:00:00.0: [1af4:105a] type 00 class 0x088000
Apr 13 13:28:50 DESKTOP-HF5NNP4 kernel: [    0.956493] pci e4c3:00:00.0: reg 0x10: [mem 0xe00000000-0xe00000fff 64bit]
Apr 13 13:28:50 DESKTOP-HF5NNP4 kernel: [    0.957940] pci e4c3:00:00.0: reg 0x18: [mem 0xe00001000-0xe00001fff 64bit]
Apr 13 13:28:50 DESKTOP-HF5NNP4 kernel: [    0.959566] pci e4c3:00:00.0: reg 0x20: [mem 0xc00000000-0xdffffffff 64bit]
Apr 13 13:28:50 DESKTOP-HF5NNP4 kernel: [    0.962512] pci_bus e4c3:00: busn_res: [bus 00-ff] end is updated to 00
Apr 13 13:28:50 DESKTOP-HF5NNP4 kernel: [    0.962696] pci e4c3:00:00.0: BAR 4: assigned [mem 0xc00000000-0xdffffffff 64bit]
Apr 13 13:28:50 DESKTOP-HF5NNP4 kernel: [    0.963735] pci e4c3:00:00.0: BAR 0: assigned [mem 0xe00000000-0xe00000fff 64bit]
Apr 13 13:28:50 DESKTOP-HF5NNP4 kernel: [    0.964807] pci e4c3:00:00.0: BAR 2: assigned [mem 0xe00001000-0xe00001fff 64bit]
Apr 13 13:28:50 DESKTOP-HF5NNP4 kernel: [    0.972229] virtiofs virtio1: Cache len: 0x200000000 @ 0xc00000000
Apr 13 13:28:50 DESKTOP-HF5NNP4 kernel: [    1.056518] memmap_init_zone_device initialised 2097152 pages in 40ms
Apr 13 13:28:50 DESKTOP-HF5NNP4 kernel: [    1.068907] FS-Cache: Duplicate cookie detected
Apr 13 13:28:50 DESKTOP-HF5NNP4 kernel: [    1.069077] FS-Cache: O-cookie c=00000004 [p=00000002 fl=222 nc=0 na=1]
Apr 13 13:28:50 DESKTOP-HF5NNP4 kernel: [    1.069350] FS-Cache: O-cookie d=00000000b6b180e1{9P.session} n=00000000ebf7510c
Apr 13 13:28:50 DESKTOP-HF5NNP4 kernel: [    1.069623] FS-Cache: O-key=[10] '34323934393337333934'
Apr 13 13:28:50 DESKTOP-HF5NNP4 kernel: [    1.069998] FS-Cache: N-cookie c=00000005 [p=00000002 fl=2 nc=0 na=1]
Apr 13 13:28:50 DESKTOP-HF5NNP4 kernel: [    1.070212] FS-Cache: N-cookie d=00000000b6b180e1{9P.session} n=00000000c49fbb1a
Apr 13 13:28:50 DESKTOP-HF5NNP4 kernel: [    1.070489] FS-Cache: N-key=[10] '34323934393337333934'
Apr 13 13:28:50 DESKTOP-HF5NNP4 kernel: [    1.071662] FS-Cache: Duplicate cookie detected
Apr 13 13:28:50 DESKTOP-HF5NNP4 kernel: [    1.071871] FS-Cache: O-cookie c=00000004 [p=00000002 fl=222 nc=0 na=1]
Apr 13 13:28:50 DESKTOP-HF5NNP4 kernel: [    1.072132] FS-Cache: O-cookie d=00000000b6b180e1{9P.session} n=00000000ebf7510c
Apr 13 13:28:50 DESKTOP-HF5NNP4 kernel: [    1.072525] FS-Cache: O-key=[10] '34323934393337333934'
Apr 13 13:28:50 DESKTOP-HF5NNP4 kernel: [    1.072709] FS-Cache: N-cookie c=00000006 [p=00000002 fl=2 nc=0 na=1]
Apr 13 13:28:50 DESKTOP-HF5NNP4 kernel: [    1.072930] FS-Cache: N-cookie d=00000000b6b180e1{9P.session} n=000000007a0060e7
Apr 13 13:28:50 DESKTOP-HF5NNP4 kernel: [    1.073144] FS-Cache: N-key=[10] '34323934393337333934'
Apr 13 13:28:50 DESKTOP-HF5NNP4 kernel: [    1.095912] scsi 0:0:0:2: Direct-Access     Msft     Virtual Disk     1.0  PQ: 0 ANSI: 5
Apr 13 13:28:50 DESKTOP-HF5NNP4 kernel: [    1.108694] sd 0:0:0:2: Attached scsi generic sg2 type 0
Apr 13 13:28:50 DESKTOP-HF5NNP4 kernel: [    1.109019] sd 0:0:0:2: [sdc] 536870912 512-byte logical blocks: (275 GB/256 GiB)
Apr 13 13:28:50 DESKTOP-HF5NNP4 kernel: [    1.109436] sd 0:0:0:2: [sdc] 4096-byte physical blocks
Apr 13 13:28:50 DESKTOP-HF5NNP4 kernel: [    1.109645] sd 0:0:0:2: [sdc] Write Protect is off
Apr 13 13:28:50 DESKTOP-HF5NNP4 kernel: [    1.109763] sd 0:0:0:2: [sdc] Mode Sense: 0f 00 00 00
Apr 13 13:28:50 DESKTOP-HF5NNP4 kernel: [    1.110005] sd 0:0:0:2: [sdc] Write cache: enabled, read cache: enabled, doesn't support DPO or FUA
Apr 13 13:28:50 DESKTOP-HF5NNP4 kernel: [    1.111528] sd 0:0:0:2: [sdc] Attached SCSI disk
Apr 13 13:28:50 DESKTOP-HF5NNP4 kernel: [    1.135208] EXT4-fs (sdc): mounted filesystem with ordered data mode. Opts: discard,errors=remount-ro,data=ordered. Quota mode: none.
Apr 13 13:28:50 DESKTOP-HF5NNP4 kernel: [    1.361766] clocksource: tsc: mask: 0xffffffffffffffff max_cycles: 0x3990bc5adef, max_idle_ns: 881590438240 ns
Apr 13 13:28:50 DESKTOP-HF5NNP4 kernel: [    1.363084] clocksource: Switched to clocksource tsc
Apr 13 13:28:52 DESKTOP-HF5NNP4 kernel: [    5.197432] misc dxg: dxgk: dxgkio_query_adapter_info: Ioctl failed: -22
Apr 13 13:28:52 DESKTOP-HF5NNP4 kernel: [    5.197746] misc dxg: dxgk: dxgkio_query_adapter_info: Ioctl failed: -22
Apr 13 13:28:52 DESKTOP-HF5NNP4 kernel: [    5.197996] misc dxg: dxgk: dxgkio_query_adapter_info: Ioctl failed: -22
Apr 13 13:28:52 DESKTOP-HF5NNP4 kernel: [    5.198271] misc dxg: dxgk: dxgkio_query_adapter_info: Ioctl failed: -2
Apr 13 13:29:00 DESKTOP-HF5NNP4 kernel: [   13.901492] misc dxg: dxgk: dxgkio_query_adapter_info: Ioctl failed: -2
Apr 13 13:29:03 DESKTOP-HF5NNP4 kernel: [   16.554368] misc dxg: dxgk: dxgkio_query_adapter_info: Ioctl failed: -2
Apr 13 13:29:03 DESKTOP-HF5NNP4 kernel: [   16.554791] misc dxg: dxgk: dxgkio_query_adapter_info: Ioctl failed: -2
Apr 13 13:29:03 DESKTOP-HF5NNP4 kernel: [   16.555741] misc dxg: dxgk: dxgkio_query_adapter_info: Ioctl failed: -2
Apr 13 13:29:03 DESKTOP-HF5NNP4 kernel: [   16.556191] misc dxg: dxgk: dxgkio_query_adapter_info: Ioctl failed: -2
Apr 13 13:29:03 DESKTOP-HF5NNP4 kernel: [   16.556941] misc dxg: dxgk: dxgkio_query_adapter_info: Ioctl failed: -2
Apr 13 13:29:03 DESKTOP-HF5NNP4 kernel: [   16.557381] misc dxg: dxgk: dxgkio_query_adapter_info: Ioctl failed: -2
Apr 13 13:29:03 DESKTOP-HF5NNP4 kernel: [   16.557817] misc dxg: dxgk: dxgkio_query_adapter_info: Ioctl failed: -2
Apr 13 13:29:03 DESKTOP-HF5NNP4 kernel: [   16.558248] misc dxg: dxgk: dxgkio_query_adapter_info: Ioctl failed: -2
Apr 13 13:29:03 DESKTOP-HF5NNP4 kernel: [   16.559608] misc dxg: dxgk: dxgkio_query_adapter_info: Ioctl failed: -2
Apr 13 13:29:03 DESKTOP-HF5NNP4 kernel: [   16.559875] misc dxg: dxgk: dxgkio_query_adapter_info: Ioctl failed: -2
Apr 13 13:29:03 DESKTOP-HF5NNP4 kernel: [   16.560139] misc dxg: dxgk: dxgkio_query_adapter_info: Ioctl failed: -2
Apr 13 13:29:03 DESKTOP-HF5NNP4 kernel: [   16.560402] misc dxg: dxgk: dxgkio_query_adapter_info: Ioctl failed: -2
Apr 13 13:29:04 DESKTOP-HF5NNP4 kernel: [   17.223970] misc dxg: dxgk: dxgkio_query_adapter_info: Ioctl failed: -2
Apr 13 13:29:36 DESKTOP-HF5NNP4 kernel: [   49.168181] hv_balloon: Max. dynamic memory size: 16290 MB
Apr 13 13:38:56 DESKTOP-HF5NNP4 kernel: [  609.291046] TCP: eth0: Driver has suspect GRO implementation, TCP performance may be compromised.
Apr 13 14:22:07 DESKTOP-HF5NNP4 kernel: [    0.000000] Linux version 5.15.146.1-microsoft-standard-WSL2 (root@65c757a075e2) (gcc (GCC) 11.2.0, GNU ld (GNU Binutils) 2.37) #1 SMP Thu Jan 11 04:09:03 UTC 2024
Apr 13 14:22:07 DESKTOP-HF5NNP4 kernel: [    0.000000] Command line: initrd=\initrd.img WSL_ROOT_INIT=1 panic=-1 nr_cpus=32 hv_utils.timesync_implicit=1 console=hvc0 debug pty.legacy_count=0
Apr 13 14:22:07 DESKTOP-HF5NNP4 kernel: [    0.000000] KERNEL supported cpus:
Apr 13 14:22:07 DESKTOP-HF5NNP4 kernel: [    0.000000]   Intel GenuineIntel
Apr 13 14:22:07 DESKTOP-HF5NNP4 kernel: [    0.000000]   AMD AuthenticAMD
Apr 13 14:22:07 DESKTOP-HF5NNP4 kernel: [    0.000000]   Centaur CentaurHauls
Apr 13 14:22:07 DESKTOP-HF5NNP4 kernel: [    0.000000] BIOS-provided physical RAM map:
Apr 13 14:22:07 DESKTOP-HF5NNP4 kernel: [    0.000000] BIOS-e820: [mem 0x0000000000000000-0x000000000009ffff] usable
Apr 13 14:22:07 DESKTOP-HF5NNP4 kernel: [    0.000000] BIOS-e820: [mem 0x00000000000e0000-0x00000000000e0fff] reserved
Apr 13 14:22:07 DESKTOP-HF5NNP4 kernel: [    0.000000] BIOS-e820: [mem 0x0000000000100000-0x00000000001fffff] ACPI data
Apr 13 14:22:07 DESKTOP-HF5NNP4 kernel: [    0.000000] BIOS-e820: [mem 0x0000000000200000-0x00000000f7ffffff] usable
Apr 13 14:22:07 DESKTOP-HF5NNP4 kernel: [    0.000000] BIOS-e820: [mem 0x0000000100000000-0x00000004021fffff] usable
Apr 13 14:22:07 DESKTOP-HF5NNP4 kernel: [    0.000000] NX (Execute Disable) protection: active
Apr 13 14:22:07 DESKTOP-HF5NNP4 kernel: [    0.000000] DMI not present or invalid.
Apr 13 14:22:07 DESKTOP-HF5NNP4 kernel: [    0.000000] Hypervisor detected: Microsoft Hyper-V
Apr 13 14:22:07 DESKTOP-HF5NNP4 kernel: [    0.000000] Hyper-V: privilege flags low 0xae7f, high 0x3b8030, hints 0x9a4e24, misc 0xe0bed7b2
Apr 13 14:22:07 DESKTOP-HF5NNP4 kernel: [    0.000000] Hyper-V Host Build:26100-10.0-3-0.3775
Apr 13 14:22:07 DESKTOP-HF5NNP4 kernel: [    0.000000] Hyper-V: Nested features: 0x3e0101
Apr 13 14:22:07 DESKTOP-HF5NNP4 kernel: [    0.000000] Hyper-V: LAPIC Timer Frequency: 0x1e8480
Apr 13 14:22:07 DESKTOP-HF5NNP4 kernel: [    0.000000] Hyper-V: Using hypercall for remote TLB flush
Apr 13 14:22:07 DESKTOP-HF5NNP4 kernel: [    0.000000] clocksource: hyperv_clocksource_tsc_page: mask: 0xffffffffffffffff max_cycles: 0x24e6a1710, max_idle_ns: 440795202120 ns
Apr 13 14:22:07 DESKTOP-HF5NNP4 kernel: [    0.000001] tsc: Detected 1996.798 MHz processor
Apr 13 14:22:07 DESKTOP-HF5NNP4 kernel: [    0.000029] e820: update [mem 0x00000000-0x00000fff] usable ==> reserved
Apr 13 14:22:07 DESKTOP-HF5NNP4 kernel: [    0.000031] e820: remove [mem 0x000a0000-0x000fffff] usable
Apr 13 14:22:07 DESKTOP-HF5NNP4 kernel: [    0.000032] last_pfn = 0x402200 max_arch_pfn = 0x400000000
Apr 13 14:22:07 DESKTOP-HF5NNP4 kernel: [    0.000047] x86/PAT: Configuration [0-7]: WB  WC  UC- UC  WB  WP  UC- WT  
Apr 13 14:22:07 DESKTOP-HF5NNP4 kernel: [    0.000054] last_pfn = 0xf8000 max_arch_pfn = 0x400000000
Apr 13 14:22:07 DESKTOP-HF5NNP4 kernel: [    0.000058] Using GB pages for direct mapping
Apr 13 14:22:07 DESKTOP-HF5NNP4 kernel: [    0.000058] Incomplete global flushes, disabling PCID
Apr 13 14:22:07 DESKTOP-HF5NNP4 kernel: [    0.000127] RAMDISK: [mem 0x03dd8000-0x03faefff]
Apr 13 14:22:07 DESKTOP-HF5NNP4 kernel: [    0.000128] ACPI: Early table checksum verification disabled
Apr 13 14:22:07 DESKTOP-HF5NNP4 kernel: [    0.000129] ACPI: RSDP 0x00000000000E0000 000024 (v02 VRTUAL)
Apr 13 14:22:07 DESKTOP-HF5NNP4 kernel: [    0.000132] ACPI: XSDT 0x0000000000100000 000044 (v01 VRTUAL MICROSFT 00000001 MSFT 00000001)
Apr 13 14:22:07 DESKTOP-HF5NNP4 kernel: [    0.000135] ACPI: FACP 0x0000000000101000 000114 (v06 VRTUAL MICROSFT 00000001 MSFT 00000001)
Apr 13 14:22:07 DESKTOP-HF5NNP4 kernel: [    0.000137] ACPI: DSDT 0x00000000001011B8 01E191 (v02 MSFTVM DSDT01   00000001 MSFT 05000000)
Apr 13 14:22:07 DESKTOP-HF5NNP4 kernel: [    0.000139] ACPI: FACS 0x0000000000101114 000040
Apr 13 14:22:07 DESKTOP-HF5NNP4 kernel: [    0.000141] ACPI: OEM0 0x0000000000101154 000064 (v01 VRTUAL MICROSFT 00000001 MSFT 00000001)
Apr 13 14:22:07 DESKTOP-HF5NNP4 kernel: [    0.000143] ACPI: SRAT 0x000000000011F349 0004B0 (v02 VRTUAL MICROSFT 00000001 MSFT 00000001)
Apr 13 14:22:07 DESKTOP-HF5NNP4 kernel: [    0.000145] ACPI: APIC 0x000000000011F7F9 000148 (v04 VRTUAL MICROSFT 00000001 MSFT 00000001)
Apr 13 14:22:07 DESKTOP-HF5NNP4 kernel: [    0.000146] ACPI: Reserving FACP table memory at [mem 0x101000-0x101113]
Apr 13 14:22:07 DESKTOP-HF5NNP4 kernel: [    0.000147] ACPI: Reserving DSDT table memory at [mem 0x1011b8-0x11f348]
Apr 13 14:22:07 DESKTOP-HF5NNP4 kernel: [    0.000147] ACPI: Reserving FACS table memory at [mem 0x101114-0x101153]
Apr 13 14:22:07 DESKTOP-HF5NNP4 kernel: [    0.000148] ACPI: Reserving OEM0 table memory at [mem 0x101154-0x1011b7]
Apr 13 14:22:07 DESKTOP-HF5NNP4 kernel: [    0.000148] ACPI: Reserving SRAT table memory at [mem 0x11f349-0x11f7f8]
Apr 13 14:22:07 DESKTOP-HF5NNP4 kernel: [    0.000149] ACPI: Reserving APIC table memory at [mem 0x11f7f9-0x11f940]
Apr 13 14:22:07 DESKTOP-HF5NNP4 kernel: [    0.000175] Zone ranges:
Apr 13 14:22:07 DESKTOP-HF5NNP4 kernel: [    0.000176]   DMA      [mem 0x0000000000001000-0x0000000000ffffff]
Apr 13 14:22:07 DESKTOP-HF5NNP4 kernel: [    0.000177]   DMA32    [mem 0x0000000001000000-0x00000000ffffffff]
Apr 13 14:22:07 DESKTOP-HF5NNP4 kernel: [    0.000178]   Normal   [mem 0x0000000100000000-0x00000004021fffff]
Apr 13 14:22:07 DESKTOP-HF5NNP4 kernel: [    0.000178]   Device   empty
Apr 13 14:22:07 DESKTOP-HF5NNP4 kernel: [    0.000179] Movable zone start for each node
Apr 13 14:22:07 DESKTOP-HF5NNP4 kernel: [    0.000179] Early memory node ranges
Apr 13 14:22:07 DESKTOP-HF5NNP4 kernel: [    0.000180]   node   0: [mem 0x0000000000001000-0x000000000009ffff]
Apr 13 14:22:07 DESKTOP-HF5NNP4 kernel: [    0.000180]   node   0: [mem 0x0000000000200000-0x00000000f7ffffff]
Apr 13 14:22:07 DESKTOP-HF5NNP4 kernel: [    0.000181]   node   0: [mem 0x0000000100000000-0x00000004021fffff]
Apr 13 14:22:07 DESKTOP-HF5NNP4 kernel: [    0.000182] Initmem setup node 0 [mem 0x0000000000001000-0x00000004021fffff]
Apr 13 14:22:07 DESKTOP-HF5NNP4 kernel: [    0.000197] On node 0, zone DMA: 1 pages in unavailable ranges
Apr 13 14:22:07 DESKTOP-HF5NNP4 kernel: [    0.000243] On node 0, zone DMA: 352 pages in unavailable ranges
Apr 13 14:22:07 DESKTOP-HF5NNP4 kernel: [    0.016354] On node 0, zone Normal: 24064 pages in unavailable ranges
Apr 13 14:22:07 DESKTOP-HF5NNP4 kernel: [    0.016384] ACPI: LAPIC_NMI (acpi_id[0x01] dfl dfl lint[0x1])
Apr 13 14:22:07 DESKTOP-HF5NNP4 kernel: [    0.016537] IOAPIC[0]: apic_id 32, version 17, address 0xfec00000, GSI 0-23
Apr 13 14:22:07 DESKTOP-HF5NNP4 kernel: [    0.016539] ACPI: INT_SRC_OVR (bus 0 bus_irq 9 global_irq 9 high level)
Apr 13 14:22:07 DESKTOP-HF5NNP4 kernel: [    0.016542] ACPI: Using ACPI (MADT) for SMP configuration information
Apr 13 14:22:07 DESKTOP-HF5NNP4 kernel: [    0.016543] TSC deadline timer available
Apr 13 14:22:07 DESKTOP-HF5NNP4 kernel: [    0.016544] smpboot: Allowing 32 CPUs, 0 hotplug CPUs
Apr 13 14:22:07 DESKTOP-HF5NNP4 kernel: [    0.016550] [mem 0xf8000000-0xffffffff] available for PCI devices
Apr 13 14:22:07 DESKTOP-HF5NNP4 kernel: [    0.016551] Booting paravirtualized kernel on Hyper-V
Apr 13 14:22:07 DESKTOP-HF5NNP4 kernel: [    0.016552] clocksource: refined-jiffies: mask: 0xffffffff max_cycles: 0xffffffff, max_idle_ns: 19112604462750000 ns
Apr 13 14:22:07 DESKTOP-HF5NNP4 kernel: [    0.020325] setup_percpu: NR_CPUS:256 nr_cpumask_bits:256 nr_cpu_ids:32 nr_node_ids:1
Apr 13 14:22:07 DESKTOP-HF5NNP4 kernel: [    0.022341] percpu: Embedded 53 pages/cpu s177624 r8192 d31272 u262144
Apr 13 14:22:07 DESKTOP-HF5NNP4 kernel: [    0.022345] pcpu-alloc: s177624 r8192 d31272 u262144 alloc=1*2097152
Apr 13 14:22:07 DESKTOP-HF5NNP4 kernel: [    0.022347] pcpu-alloc: [0] 00 01 02 03 04 05 06 07 [0] 08 09 10 11 12 13 14 15 
Apr 13 14:22:07 DESKTOP-HF5NNP4 kernel: [    0.022351] pcpu-alloc: [0] 16 17 18 19 20 21 22 23 [0] 24 25 26 27 28 29 30 31 
Apr 13 14:22:07 DESKTOP-HF5NNP4 kernel: [    0.022361] Hyper-V: PV spinlocks enabled
Apr 13 14:22:07 DESKTOP-HF5NNP4 kernel: [    0.022362] PV qspinlock hash table entries: 256 (order: 0, 4096 bytes, linear)
Apr 13 14:22:07 DESKTOP-HF5NNP4 kernel: [    0.022366] Built 1 zonelists, mobility grouping on.  Total pages: 4104061
Apr 13 14:22:07 DESKTOP-HF5NNP4 kernel: [    0.022367] Kernel command line: initrd=\initrd.img WSL_ROOT_INIT=1 panic=-1 nr_cpus=32 hv_utils.timesync_implicit=1 console=hvc0 debug pty.legacy_count=0
Apr 13 14:22:07 DESKTOP-HF5NNP4 kernel: [    0.022399] Unknown kernel command line parameters "WSL_ROOT_INIT=1", will be passed to user space.
Apr 13 14:22:07 DESKTOP-HF5NNP4 kernel: [    0.022400] printk: log_buf_len individual max cpu contribution: 4096 bytes
Apr 13 14:22:07 DESKTOP-HF5NNP4 kernel: [    0.022400] printk: log_buf_len total cpu_extra contributions: 126976 bytes
Apr 13 14:22:07 DESKTOP-HF5NNP4 kernel: [    0.022401] printk: log_buf_len min size: 131072 bytes
Apr 13 14:22:07 DESKTOP-HF5NNP4 kernel: [    0.022677] printk: log_buf_len: 262144 bytes
Apr 13 14:22:07 DESKTOP-HF5NNP4 kernel: [    0.022677] printk: early log buf free: 125584(95%)
Apr 13 14:22:07 DESKTOP-HF5NNP4 kernel: [    0.026500] Dentry cache hash table entries: 2097152 (order: 12, 16777216 bytes, linear)
Apr 13 14:22:07 DESKTOP-HF5NNP4 kernel: [    0.028477] Inode-cache hash table entries: 1048576 (order: 11, 8388608 bytes, linear)
Apr 13 14:22:07 DESKTOP-HF5NNP4 kernel: [    0.028743] mem auto-init: stack:off, heap alloc:off, heap free:off
Apr 13 14:22:07 DESKTOP-HF5NNP4 kernel: [    0.054403] Memory: 4081512K/16679548K available (18452K kernel code, 2628K rwdata, 9636K rodata, 2004K init, 1824K bss, 406612K reserved, 0K cma-reserved)
Apr 13 14:22:07 DESKTOP-HF5NNP4 kernel: [    0.054454] SLUB: HWalign=64, Order=0-3, MinObjects=0, CPUs=32, Nodes=1
Apr 13 14:22:07 DESKTOP-HF5NNP4 kernel: [    0.054474] ftrace: allocating 52828 entries in 207 pages
Apr 13 14:22:07 DESKTOP-HF5NNP4 kernel: [    0.067529] ftrace: allocated 207 pages with 6 groups
Apr 13 14:22:07 DESKTOP-HF5NNP4 kernel: [    0.067666] rcu: Hierarchical RCU implementation.
Apr 13 14:22:07 DESKTOP-HF5NNP4 kernel: [    0.067667] rcu: 	RCU restricting CPUs from NR_CPUS=256 to nr_cpu_ids=32.
Apr 13 14:22:07 DESKTOP-HF5NNP4 kernel: [    0.067668] 	Rude variant of Tasks RCU enabled.
Apr 13 14:22:07 DESKTOP-HF5NNP4 kernel: [    0.067668] 	Tracing variant of Tasks RCU enabled.
Apr 13 14:22:07 DESKTOP-HF5NNP4 kernel: [    0.067668] rcu: RCU calculated value of scheduler-enlistment delay is 10 jiffies.
Apr 13 14:22:07 DESKTOP-HF5NNP4 kernel: [    0.067669] rcu: Adjusting geometry for rcu_fanout_leaf=16, nr_cpu_ids=32
Apr 13 14:22:07 DESKTOP-HF5NNP4 kernel: [    0.069855] Using NULL legacy PIC
Apr 13 14:22:07 DESKTOP-HF5NNP4 kernel: [    0.069856] NR_IRQS: 16640, nr_irqs: 680, preallocated irqs: 0
Apr 13 14:22:07 DESKTOP-HF5NNP4 kernel: [    0.070005] random: crng init done
Apr 13 14:22:07 DESKTOP-HF5NNP4 kernel: [    0.070029] Console: colour dummy device 80x25
Apr 13 14:22:07 DESKTOP-HF5NNP4 kernel: [    0.070038] ACPI: Core revision 20210730
Apr 13 14:22:07 DESKTOP-HF5NNP4 kernel: [    0.070083] Failed to register legacy timer interrupt
Apr 13 14:22:07 DESKTOP-HF5NNP4 kernel: [    0.070083] APIC: Switch to symmetric I/O mode setup
Apr 13 14:22:07 DESKTOP-HF5NNP4 kernel: [    0.070808] x2apic enabled
Apr 13 14:22:07 DESKTOP-HF5NNP4 kernel: [    0.071518] Switched APIC routing to physical x2apic.
Apr 13 14:22:07 DESKTOP-HF5NNP4 kernel: [    0.071539] Hyper-V: Using IPI hypercalls
Apr 13 14:22:07 DESKTOP-HF5NNP4 kernel: [    0.071583] clocksource: tsc-early: mask: 0xffffffffffffffff max_cycles: 0x3990babca65, max_idle_ns: 881590531705 ns
Apr 13 14:22:07 DESKTOP-HF5NNP4 kernel: [    0.071587] Calibrating delay loop (skipped), value calculated using timer frequency.. 3993.59 BogoMIPS (lpj=19967980)
Apr 13 14:22:07 DESKTOP-HF5NNP4 kernel: [    0.071621] x86/cpu: User Mode Instruction Prevention (UMIP) activated
Apr 13 14:22:07 DESKTOP-HF5NNP4 kernel: [    0.071628] Last level iTLB entries: 4KB 0, 2MB 0, 4MB 0
Apr 13 14:22:07 DESKTOP-HF5NNP4 kernel: [    0.071629] Last level dTLB entries: 4KB 0, 2MB 0, 4MB 0, 1GB 0
Apr 13 14:22:07 DESKTOP-HF5NNP4 kernel: [    0.071630] Spectre V1 : Mitigation: usercopy/swapgs barriers and __user pointer sanitization
Apr 13 14:22:07 DESKTOP-HF5NNP4 kernel: [    0.071632] Spectre V2 : Mitigation: Enhanced IBRS
Apr 13 14:22:07 DESKTOP-HF5NNP4 kernel: [    0.071632] Spectre V2 : Spectre v2 / SpectreRSB mitigation: Filling RSB on context switch
Apr 13 14:22:07 DESKTOP-HF5NNP4 kernel: [    0.071633] Spectre V2 : Spectre v2 / PBRSB-eIBRS: Retire a single CALL on VMEXIT
Apr 13 14:22:07 DESKTOP-HF5NNP4 kernel: [    0.071633] RETBleed: Mitigation: Enhanced IBRS
Apr 13 14:22:07 DESKTOP-HF5NNP4 kernel: [    0.071634] Spectre V2 : mitigation: Enabling conditional Indirect Branch Prediction Barrier
Apr 13 14:22:07 DESKTOP-HF5NNP4 kernel: [    0.071634] Speculative Store Bypass: Mitigation: Speculative Store Bypass disabled via prctl and seccomp
Apr 13 14:22:07 DESKTOP-HF5NNP4 kernel: [    0.071643] x86/fpu: Supporting XSAVE feature 0x001: 'x87 floating point registers'
Apr 13 14:22:07 DESKTOP-HF5NNP4 kernel: [    0.071644] x86/fpu: Supporting XSAVE feature 0x002: 'SSE registers'
Apr 13 14:22:07 DESKTOP-HF5NNP4 kernel: [    0.071644] x86/fpu: Supporting XSAVE feature 0x004: 'AVX registers'
Apr 13 14:22:07 DESKTOP-HF5NNP4 kernel: [    0.071645] x86/fpu: xstate_offset[2]:  576, xstate_sizes[2]:  256
Apr 13 14:22:07 DESKTOP-HF5NNP4 kernel: [    0.071646] x86/fpu: Enabled xstate features 0x7, context size is 832 bytes, using 'compacted' format.
Apr 13 14:22:07 DESKTOP-HF5NNP4 kernel: [    0.078803] Freeing SMP alternatives memory: 60K
Apr 13 14:22:07 DESKTOP-HF5NNP4 kernel: [    0.078805] pid_max: default: 32768 minimum: 301
Apr 13 14:22:07 DESKTOP-HF5NNP4 kernel: [    0.078821] LSM: Security Framework initializing
Apr 13 14:22:07 DESKTOP-HF5NNP4 kernel: [    0.078825] landlock: Up and running.
Apr 13 14:22:07 DESKTOP-HF5NNP4 kernel: [    0.078891] Mount-cache hash table entries: 32768 (order: 6, 262144 bytes, linear)
Apr 13 14:22:07 DESKTOP-HF5NNP4 kernel: [    0.078939] Mountpoint-cache hash table entries: 32768 (order: 6, 262144 bytes, linear)
Apr 13 14:22:07 DESKTOP-HF5NNP4 kernel: [    0.079119] smpboot: CPU0: 13th Gen Intel(R) Core(TM) i9-13900F (family: 0x6, model: 0xb7, stepping: 0x1)
Apr 13 14:22:07 DESKTOP-HF5NNP4 kernel: [    0.079198] Performance Events: unsupported p6 CPU model 183 no PMU driver, software events only.
Apr 13 14:22:07 DESKTOP-HF5NNP4 kernel: [    0.079205] signal: max sigframe size: 1776
Apr 13 14:22:07 DESKTOP-HF5NNP4 kernel: [    0.079212] rcu: Hierarchical SRCU implementation.
Apr 13 14:22:07 DESKTOP-HF5NNP4 kernel: [    0.079624] smp: Bringing up secondary CPUs ...
Apr 13 14:22:07 DESKTOP-HF5NNP4 kernel: [    0.079682] x86: Booting SMP configuration:
Apr 13 14:22:07 DESKTOP-HF5NNP4 kernel: [    0.079683] .... node  #0, CPUs:        #1  #2  #3  #4  #5  #6  #7  #8  #9 #10 #11 #12 #13 #14 #15 #16 #17 #18 #19 #20 #21 #22 #23 #24 #25 #26 #27 #28 #29 #30 #31
Apr 13 14:22:07 DESKTOP-HF5NNP4 kernel: [    0.082652] smp: Brought up 1 node, 32 CPUs
Apr 13 14:22:07 DESKTOP-HF5NNP4 kernel: [    0.082654] smpboot: Max logical packages: 1
Apr 13 14:22:07 DESKTOP-HF5NNP4 kernel: [    0.082655] smpboot: Total of 32 processors activated (127795.07 BogoMIPS)
Apr 13 14:22:07 DESKTOP-HF5NNP4 kernel: [    0.096754] node 0 deferred pages initialised in 10ms
Apr 13 14:22:07 DESKTOP-HF5NNP4 kernel: [    0.096754] devtmpfs: initialized
Apr 13 14:22:07 DESKTOP-HF5NNP4 kernel: [    0.096754] x86/mm: Memory block size: 128MB
Apr 13 14:22:07 DESKTOP-HF5NNP4 kernel: [    0.096754] clocksource: jiffies: mask: 0xffffffff max_cycles: 0xffffffff, max_idle_ns: 19112604462750000 ns
Apr 13 14:22:07 DESKTOP-HF5NNP4 kernel: [    0.096754] futex hash table entries: 8192 (order: 7, 524288 bytes, linear)
Apr 13 14:22:07 DESKTOP-HF5NNP4 kernel: [    0.096754] NET: Registered PF_NETLINK/PF_ROUTE protocol family
Apr 13 14:22:07 DESKTOP-HF5NNP4 kernel: [    0.096754] audit: initializing netlink subsys (disabled)
Apr 13 14:22:07 DESKTOP-HF5NNP4 kernel: [    0.096754] audit: type=2000 audit(1744543321.020:1): state=initialized audit_enabled=0 res=1
Apr 13 14:22:07 DESKTOP-HF5NNP4 kernel: [    0.096754] thermal_sys: Registered thermal governor 'step_wise'
Apr 13 14:22:07 DESKTOP-HF5NNP4 kernel: [    0.096754] cpuidle: using governor menu
Apr 13 14:22:07 DESKTOP-HF5NNP4 kernel: [    0.096754] ACPI: bus type PCI registered
Apr 13 14:22:07 DESKTOP-HF5NNP4 kernel: [    0.096754] PCI: Fatal: No config space access function found
Apr 13 14:22:07 DESKTOP-HF5NNP4 kernel: [    0.096754] kprobes: kprobe jump-optimization is enabled. All kprobes are optimized if possible.
Apr 13 14:22:07 DESKTOP-HF5NNP4 kernel: [    0.096754] HugeTLB registered 1.00 GiB page size, pre-allocated 0 pages
Apr 13 14:22:07 DESKTOP-HF5NNP4 kernel: [    0.096754] HugeTLB registered 2.00 MiB page size, pre-allocated 0 pages
Apr 13 14:22:07 DESKTOP-HF5NNP4 kernel: [    0.101620] raid6: skip pq benchmark and using algorithm avx2x4
Apr 13 14:22:07 DESKTOP-HF5NNP4 kernel: [    0.101620] raid6: using avx2x2 recovery algorithm
Apr 13 14:22:07 DESKTOP-HF5NNP4 kernel: [    0.101626] ACPI: Added _OSI(Module Device)
Apr 13 14:22:07 DESKTOP-HF5NNP4 kernel: [    0.101626] ACPI: Added _OSI(Processor Device)
Apr 13 14:22:07 DESKTOP-HF5NNP4 kernel: [    0.101626] ACPI: Added _OSI(3.0 _SCP Extensions)
Apr 13 14:22:07 DESKTOP-HF5NNP4 kernel: [    0.101627] ACPI: Added _OSI(Processor Aggregator Device)
Apr 13 14:22:07 DESKTOP-HF5NNP4 kernel: [    0.101627] ACPI: Added _OSI(Linux-Dell-Video)
Apr 13 14:22:07 DESKTOP-HF5NNP4 kernel: [    0.101628] ACPI: Added _OSI(Linux-Lenovo-NV-HDMI-Audio)
Apr 13 14:22:07 DESKTOP-HF5NNP4 kernel: [    0.101628] ACPI: Added _OSI(Linux-HPI-Hybrid-Graphics)
Apr 13 14:22:07 DESKTOP-HF5NNP4 kernel: [    0.103290] ACPI: 1 ACPI AML tables successfully acquired and loaded
Apr 13 14:22:07 DESKTOP-HF5NNP4 kernel: [    0.103707] ACPI: Interpreter enabled
Apr 13 14:22:07 DESKTOP-HF5NNP4 kernel: [    0.103708] ACPI: PM: (supports S0 S5)
Apr 13 14:22:07 DESKTOP-HF5NNP4 kernel: [    0.103709] ACPI: Using IOAPIC for interrupt routing
Apr 13 14:22:07 DESKTOP-HF5NNP4 kernel: [    0.103713] PCI: Using host bridge windows from ACPI; if necessary, use "pci=nocrs" and report a bug
Apr 13 14:22:07 DESKTOP-HF5NNP4 kernel: [    0.103783] ACPI: Enabled 1 GPEs in block 00 to 0F
Apr 13 14:22:07 DESKTOP-HF5NNP4 kernel: [    0.104295] iommu: Default domain type: Translated 
Apr 13 14:22:07 DESKTOP-HF5NNP4 kernel: [    0.104295] iommu: DMA domain TLB invalidation policy: lazy mode 
Apr 13 14:22:07 DESKTOP-HF5NNP4 kernel: [    0.104352] SCSI subsystem initialized
Apr 13 14:22:07 DESKTOP-HF5NNP4 kernel: [    0.104356] ACPI: bus type USB registered
Apr 13 14:22:07 DESKTOP-HF5NNP4 kernel: [    0.104360] usbcore: registered new interface driver usbfs
Apr 13 14:22:07 DESKTOP-HF5NNP4 kernel: [    0.104363] usbcore: registered new interface driver hub
Apr 13 14:22:07 DESKTOP-HF5NNP4 kernel: [    0.104368] usbcore: registered new device driver usb
Apr 13 14:22:07 DESKTOP-HF5NNP4 kernel: [    0.104382] pps_core: LinuxPPS API ver. 1 registered
Apr 13 14:22:07 DESKTOP-HF5NNP4 kernel: [    0.104382] pps_core: Software ver. 5.3.6 - Copyright 2005-2007 Rodolfo Giometti <giometti@linux.it>
Apr 13 14:22:07 DESKTOP-HF5NNP4 kernel: [    0.104383] PTP clock support registered
Apr 13 14:22:07 DESKTOP-HF5NNP4 kernel: [    0.104399] hv_vmbus: Vmbus version:5.3
Apr 13 14:22:07 DESKTOP-HF5NNP4 kernel: [    0.104399] PCI: Using ACPI for IRQ routing
Apr 13 14:22:07 DESKTOP-HF5NNP4 kernel: [    0.104399] PCI: System does not support PCI
Apr 13 14:22:07 DESKTOP-HF5NNP4 kernel: [    0.104399] clocksource: Switched to clocksource tsc-early
Apr 13 14:22:07 DESKTOP-HF5NNP4 kernel: [    0.104399] hv_vmbus: Unknown GUID: c376c1c3-d276-48d2-90a9-c04748072c60
Apr 13 14:22:07 DESKTOP-HF5NNP4 kernel: [    0.104399] hv_vmbus: Unknown GUID: 6e382d18-3336-4f4b-acc4-2b7703d4df4a
Apr 13 14:22:07 DESKTOP-HF5NNP4 kernel: [    0.104399] hv_vmbus: Unknown GUID: dde9cbc0-5060-4436-9448-ea1254a5d177
Apr 13 14:22:07 DESKTOP-HF5NNP4 kernel: [    0.108971] VFS: Disk quotas dquot_6.6.0
Apr 13 14:22:07 DESKTOP-HF5NNP4 kernel: [    0.108979] VFS: Dquot-cache hash table entries: 512 (order 0, 4096 bytes)
Apr 13 14:22:07 DESKTOP-HF5NNP4 kernel: [    0.108989] FS-Cache: Loaded
Apr 13 14:22:07 DESKTOP-HF5NNP4 kernel: [    0.109004] pnp: PnP ACPI init
Apr 13 14:22:07 DESKTOP-HF5NNP4 kernel: [    0.109068] pnp: PnP ACPI: found 1 devices
Apr 13 14:22:07 DESKTOP-HF5NNP4 kernel: [    0.110991] NET: Registered PF_INET protocol family
Apr 13 14:22:07 DESKTOP-HF5NNP4 kernel: [    0.111408] IP idents hash table entries: 262144 (order: 9, 2097152 bytes, linear)
Apr 13 14:22:07 DESKTOP-HF5NNP4 kernel: [    0.112061] tcp_listen_portaddr_hash hash table entries: 8192 (order: 5, 131072 bytes, linear)
Apr 13 14:22:07 DESKTOP-HF5NNP4 kernel: [    0.112088] Table-perturb hash table entries: 65536 (order: 6, 262144 bytes, linear)
Apr 13 14:22:07 DESKTOP-HF5NNP4 kernel: [    0.112091] TCP established hash table entries: 131072 (order: 8, 1048576 bytes, linear)
Apr 13 14:22:07 DESKTOP-HF5NNP4 kernel: [    0.112289] TCP bind hash table entries: 65536 (order: 8, 1048576 bytes, linear)
Apr 13 14:22:07 DESKTOP-HF5NNP4 kernel: [    0.112488] TCP: Hash tables configured (established 131072 bind 65536)
Apr 13 14:22:07 DESKTOP-HF5NNP4 kernel: [    0.112525] UDP hash table entries: 8192 (order: 6, 262144 bytes, linear)
Apr 13 14:22:07 DESKTOP-HF5NNP4 kernel: [    0.112575] UDP-Lite hash table entries: 8192 (order: 6, 262144 bytes, linear)
Apr 13 14:22:07 DESKTOP-HF5NNP4 kernel: [    0.112661] NET: Registered PF_UNIX/PF_LOCAL protocol family
Apr 13 14:22:07 DESKTOP-HF5NNP4 kernel: [    0.112925] RPC: Registered named UNIX socket transport module.
Apr 13 14:22:07 DESKTOP-HF5NNP4 kernel: [    0.112927] RPC: Registered udp transport module.
Apr 13 14:22:07 DESKTOP-HF5NNP4 kernel: [    0.112927] RPC: Registered tcp transport module.
Apr 13 14:22:07 DESKTOP-HF5NNP4 kernel: [    0.112928] RPC: Registered tcp NFSv4.1 backchannel transport module.
Apr 13 14:22:07 DESKTOP-HF5NNP4 kernel: [    0.112929] PCI: CLS 0 bytes, default 64
Apr 13 14:22:07 DESKTOP-HF5NNP4 kernel: [    0.112939] PCI-DMA: Using software bounce buffering for IO (SWIOTLB)
Apr 13 14:22:07 DESKTOP-HF5NNP4 kernel: [    0.112939] software IO TLB: mapped [mem 0x00000000f4000000-0x00000000f8000000] (64MB)
Apr 13 14:22:07 DESKTOP-HF5NNP4 kernel: [    0.112952] KVM: vmx: using Hyper-V Enlightened VMCS
Apr 13 14:22:07 DESKTOP-HF5NNP4 kernel: [    0.112972] Trying to unpack rootfs image as initramfs...
Apr 13 14:22:07 DESKTOP-HF5NNP4 kernel: [    0.114018] Freeing initrd memory: 1884K
Apr 13 14:22:07 DESKTOP-HF5NNP4 kernel: [    0.247962] kvm: already loaded the other module
Apr 13 14:22:07 DESKTOP-HF5NNP4 kernel: [    0.250462] Initialise system trusted keyrings
Apr 13 14:22:07 DESKTOP-HF5NNP4 kernel: [    0.250518] workingset: timestamp_bits=46 max_order=22 bucket_order=0
Apr 13 14:22:07 DESKTOP-HF5NNP4 kernel: [    0.250972] squashfs: version 4.0 (2009/01/31) Phillip Lougher
Apr 13 14:22:07 DESKTOP-HF5NNP4 kernel: [    0.251115] NFS: Registering the id_resolver key type
Apr 13 14:22:07 DESKTOP-HF5NNP4 kernel: [    0.251118] Key type id_resolver registered
Apr 13 14:22:07 DESKTOP-HF5NNP4 kernel: [    0.251119] Key type id_legacy registered
Apr 13 14:22:07 DESKTOP-HF5NNP4 kernel: [    0.251120] nfs4filelayout_init: NFSv4 File Layout Driver Registering...
Apr 13 14:22:07 DESKTOP-HF5NNP4 kernel: [    0.251122] nfs4flexfilelayout_init: NFSv4 Flexfile Layout Driver Registering...
Apr 13 14:22:07 DESKTOP-HF5NNP4 kernel: [    0.251122] Installing knfsd (copyright (C) 1996 okir@monad.swb.de).
Apr 13 14:22:07 DESKTOP-HF5NNP4 kernel: [    0.251577] Key type cifs.idmap registered
Apr 13 14:22:07 DESKTOP-HF5NNP4 kernel: [    0.251656] fuse: init (API version 7.34)
Apr 13 14:22:07 DESKTOP-HF5NNP4 kernel: [    0.251721] SGI XFS with ACLs, security attributes, realtime, scrub, repair, quota, no debug enabled
Apr 13 14:22:07 DESKTOP-HF5NNP4 kernel: [    0.251897] 9p: Installing v9fs 9p2000 file system support
Apr 13 14:22:07 DESKTOP-HF5NNP4 kernel: [    0.251901] FS-Cache: Netfs '9p' registered for caching
Apr 13 14:22:07 DESKTOP-HF5NNP4 kernel: [    0.251923] FS-Cache: Netfs 'ceph' registered for caching
Apr 13 14:22:07 DESKTOP-HF5NNP4 kernel: [    0.251924] ceph: loaded (mds proto 32)
Apr 13 14:22:07 DESKTOP-HF5NNP4 kernel: [    0.256278] NET: Registered PF_ALG protocol family
Apr 13 14:22:07 DESKTOP-HF5NNP4 kernel: [    0.256279] xor: automatically using best checksumming function   avx       
Apr 13 14:22:07 DESKTOP-HF5NNP4 kernel: [    0.256281] Key type asymmetric registered
Apr 13 14:22:07 DESKTOP-HF5NNP4 kernel: [    0.256282] Asymmetric key parser 'x509' registered
Apr 13 14:22:07 DESKTOP-HF5NNP4 kernel: [    0.256293] Block layer SCSI generic (bsg) driver version 0.4 loaded (major 248)
Apr 13 14:22:07 DESKTOP-HF5NNP4 kernel: [    0.257014] hv_vmbus: registering driver hv_pci
Apr 13 14:22:07 DESKTOP-HF5NNP4 kernel: [    0.257496] hv_pci c4b741f5-5582-4c98-8f8b-2e082933c396: PCI VMBus probing: Using version 0x10004
Apr 13 14:22:07 DESKTOP-HF5NNP4 kernel: [    0.257914] hv_pci c4b741f5-5582-4c98-8f8b-2e082933c396: PCI host bridge to bus 5582:00
Apr 13 14:22:07 DESKTOP-HF5NNP4 kernel: [    0.257915] pci_bus 5582:00: root bus resource [mem 0x9ffe00000-0x9ffe02fff window]
Apr 13 14:22:07 DESKTOP-HF5NNP4 kernel: [    0.257916] pci_bus 5582:00: No busn resource found for root bus, will use [bus 00-ff]
Apr 13 14:22:07 DESKTOP-HF5NNP4 kernel: [    0.258208] pci 5582:00:00.0: [1af4:1043] type 00 class 0x010000
Apr 13 14:22:07 DESKTOP-HF5NNP4 kernel: [    0.258557] pci 5582:00:00.0: reg 0x10: [mem 0x9ffe00000-0x9ffe00fff 64bit]
Apr 13 14:22:07 DESKTOP-HF5NNP4 kernel: [    0.258769] pci 5582:00:00.0: reg 0x18: [mem 0x9ffe01000-0x9ffe01fff 64bit]
Apr 13 14:22:07 DESKTOP-HF5NNP4 kernel: [    0.258976] pci 5582:00:00.0: reg 0x20: [mem 0x9ffe02000-0x9ffe02fff 64bit]
Apr 13 14:22:07 DESKTOP-HF5NNP4 kernel: [    0.260027] pci_bus 5582:00: busn_res: [bus 00-ff] end is updated to 00
Apr 13 14:22:07 DESKTOP-HF5NNP4 kernel: [    0.260030] pci 5582:00:00.0: BAR 0: assigned [mem 0x9ffe00000-0x9ffe00fff 64bit]
Apr 13 14:22:07 DESKTOP-HF5NNP4 kernel: [    0.260189] pci 5582:00:00.0: BAR 2: assigned [mem 0x9ffe01000-0x9ffe01fff 64bit]
Apr 13 14:22:07 DESKTOP-HF5NNP4 kernel: [    0.260333] pci 5582:00:00.0: BAR 4: assigned [mem 0x9ffe02000-0x9ffe02fff 64bit]
Apr 13 14:22:07 DESKTOP-HF5NNP4 kernel: [    0.260657] hv_pci 87f67511-bba4-43a3-a33c-ca93f5e52acf: PCI VMBus probing: Using version 0x10004
Apr 13 14:22:07 DESKTOP-HF5NNP4 kernel: [    0.260966] hv_pci 87f67511-bba4-43a3-a33c-ca93f5e52acf: PCI host bridge to bus bba4:00
Apr 13 14:22:07 DESKTOP-HF5NNP4 kernel: [    0.260967] pci_bus bba4:00: No busn resource found for root bus, will use [bus 00-ff]
Apr 13 14:22:07 DESKTOP-HF5NNP4 kernel: [    0.261089] pci bba4:00:00.0: [1414:008e] type 00 class 0x030200
Apr 13 14:22:07 DESKTOP-HF5NNP4 kernel: [    0.262615] pci_bus bba4:00: busn_res: [bus 00-ff] end is updated to 00
Apr 13 14:22:07 DESKTOP-HF5NNP4 kernel: [    0.264196] Serial: 8250/16550 driver, 4 ports, IRQ sharing disabled
Apr 13 14:22:07 DESKTOP-HF5NNP4 kernel: [    0.279103] Non-volatile memory driver v1.3
Apr 13 14:22:07 DESKTOP-HF5NNP4 kernel: [    0.279321] [drm] Initialized vgem 1.0.0 20120112 for vgem on minor 0
Apr 13 14:22:07 DESKTOP-HF5NNP4 kernel: [    0.280462] printk: console [hvc0] enabled
Apr 13 14:22:07 DESKTOP-HF5NNP4 kernel: [    0.282030] brd: module loaded
Apr 13 14:22:07 DESKTOP-HF5NNP4 kernel: [    0.282737] loop: module loaded
Apr 13 14:22:07 DESKTOP-HF5NNP4 kernel: [    0.282871] hv_vmbus: registering driver hv_storvsc
Apr 13 14:22:07 DESKTOP-HF5NNP4 kernel: [    0.283017] wireguard: WireGuard 1.0.0 loaded. See www.wireguard.com for information.
Apr 13 14:22:07 DESKTOP-HF5NNP4 kernel: [    0.283210] wireguard: Copyright (C) 2015-2019 Jason A. Donenfeld <Jason@zx2c4.com>. All Rights Reserved.
Apr 13 14:22:07 DESKTOP-HF5NNP4 kernel: [    0.283440] tun: Universal TUN/TAP device driver, 1.6
Apr 13 14:22:07 DESKTOP-HF5NNP4 kernel: [    0.283638] PPP generic driver version 2.4.2
Apr 13 14:22:07 DESKTOP-HF5NNP4 kernel: [    0.283691] scsi host0: storvsc_host_t
Apr 13 14:22:07 DESKTOP-HF5NNP4 kernel: [    0.283948] PPP BSD Compression module registered
Apr 13 14:22:07 DESKTOP-HF5NNP4 kernel: [    0.284234] PPP Deflate Compression module registered
Apr 13 14:22:07 DESKTOP-HF5NNP4 kernel: [    0.284369] PPP MPPE Compression module registered
Apr 13 14:22:07 DESKTOP-HF5NNP4 kernel: [    0.284499] NET: Registered PF_PPPOX protocol family
Apr 13 14:22:07 DESKTOP-HF5NNP4 kernel: [    0.284643] usbcore: registered new interface driver cdc_ether
Apr 13 14:22:07 DESKTOP-HF5NNP4 kernel: [    0.284786] usbcore: registered new interface driver cdc_ncm
Apr 13 14:22:07 DESKTOP-HF5NNP4 kernel: [    0.284949] usbcore: registered new interface driver r8153_ecm
Apr 13 14:22:07 DESKTOP-HF5NNP4 kernel: [    0.285082] hv_vmbus: registering driver hv_netvsc
Apr 13 14:22:07 DESKTOP-HF5NNP4 kernel: [    0.285276] VFIO - User Level meta-driver version: 0.3
Apr 13 14:22:07 DESKTOP-HF5NNP4 kernel: [    0.285473] usbcore: registered new interface driver cdc_acm
Apr 13 14:22:07 DESKTOP-HF5NNP4 kernel: [    0.285627] cdc_acm: USB Abstract Control Model driver for USB modems and ISDN adapters
Apr 13 14:22:07 DESKTOP-HF5NNP4 kernel: [    0.285857] vhci_hcd vhci_hcd.0: USB/IP Virtual Host Controller
Apr 13 14:22:07 DESKTOP-HF5NNP4 kernel: [    0.286004] vhci_hcd vhci_hcd.0: new USB bus registered, assigned bus number 1
Apr 13 14:22:07 DESKTOP-HF5NNP4 kernel: [    0.286174] vhci_hcd: created sysfs vhci_hcd.0
Apr 13 14:22:07 DESKTOP-HF5NNP4 kernel: [    0.286374] usb usb1: New USB device found, idVendor=1d6b, idProduct=0002, bcdDevice= 5.15
Apr 13 14:22:07 DESKTOP-HF5NNP4 kernel: [    0.286550] usb usb1: New USB device strings: Mfr=3, Product=2, SerialNumber=1
Apr 13 14:22:07 DESKTOP-HF5NNP4 kernel: [    0.286711] usb usb1: Product: USB/IP Virtual Host Controller
Apr 13 14:22:07 DESKTOP-HF5NNP4 kernel: [    0.286844] usb usb1: Manufacturer: Linux 5.15.146.1-microsoft-standard-WSL2 vhci_hcd
Apr 13 14:22:07 DESKTOP-HF5NNP4 kernel: [    0.287003] usb usb1: SerialNumber: vhci_hcd.0
Apr 13 14:22:07 DESKTOP-HF5NNP4 kernel: [    0.287182] hub 1-0:1.0: USB hub found
Apr 13 14:22:07 DESKTOP-HF5NNP4 kernel: [    0.287284] hub 1-0:1.0: 8 ports detected
Apr 13 14:22:07 DESKTOP-HF5NNP4 kernel: [    0.287514] vhci_hcd vhci_hcd.0: USB/IP Virtual Host Controller
Apr 13 14:22:07 DESKTOP-HF5NNP4 kernel: [    0.287663] vhci_hcd vhci_hcd.0: new USB bus registered, assigned bus number 2
Apr 13 14:22:07 DESKTOP-HF5NNP4 kernel: [    0.287875] usb usb2: We don't know the algorithms for LPM for this host, disabling LPM.
Apr 13 14:22:07 DESKTOP-HF5NNP4 kernel: [    0.288138] usb usb2: New USB device found, idVendor=1d6b, idProduct=0003, bcdDevice= 5.15
Apr 13 14:22:07 DESKTOP-HF5NNP4 kernel: [    0.288316] usb usb2: New USB device strings: Mfr=3, Product=2, SerialNumber=1
Apr 13 14:22:07 DESKTOP-HF5NNP4 kernel: [    0.288483] usb usb2: Product: USB/IP Virtual Host Controller
Apr 13 14:22:07 DESKTOP-HF5NNP4 kernel: [    0.288614] usb usb2: Manufacturer: Linux 5.15.146.1-microsoft-standard-WSL2 vhci_hcd
Apr 13 14:22:07 DESKTOP-HF5NNP4 kernel: [    0.288770] usb usb2: SerialNumber: vhci_hcd.0
Apr 13 14:22:07 DESKTOP-HF5NNP4 kernel: [    0.288934] hub 2-0:1.0: USB hub found
Apr 13 14:22:07 DESKTOP-HF5NNP4 kernel: [    0.289030] hub 2-0:1.0: 8 ports detected
Apr 13 14:22:07 DESKTOP-HF5NNP4 kernel: [    0.289285] hv_vmbus: registering driver hyperv_keyboard
Apr 13 14:22:07 DESKTOP-HF5NNP4 kernel: [    0.289440] rtc_cmos 00:00: RTC can wake from S4
Apr 13 14:22:07 DESKTOP-HF5NNP4 kernel: [    0.290276] rtc_cmos 00:00: registered as rtc0
Apr 13 14:22:07 DESKTOP-HF5NNP4 kernel: [    0.290525] rtc_cmos 00:00: setting system clock to 2025-04-13T11:22:01 UTC (1744543321)
Apr 13 14:22:07 DESKTOP-HF5NNP4 kernel: [    0.290757] rtc_cmos 00:00: alarms up to one month, 114 bytes nvram
Apr 13 14:22:07 DESKTOP-HF5NNP4 kernel: [    0.291005] device-mapper: ioctl: 4.45.0-ioctl (2021-03-22) initialised: dm-devel@redhat.com
Apr 13 14:22:07 DESKTOP-HF5NNP4 kernel: [    0.291260] device-mapper: raid: Loading target version 1.15.1
Apr 13 14:22:07 DESKTOP-HF5NNP4 kernel: [    0.291453] usbcore: registered new interface driver usbhid
Apr 13 14:22:07 DESKTOP-HF5NNP4 kernel: [    0.291562] usbhid: USB HID core driver
Apr 13 14:22:07 DESKTOP-HF5NNP4 kernel: [    0.291706] hv_utils: Registering HyperV Utility Driver
Apr 13 14:22:07 DESKTOP-HF5NNP4 kernel: [    0.291820] hv_vmbus: registering driver hv_utils
Apr 13 14:22:07 DESKTOP-HF5NNP4 kernel: [    0.291940] hv_vmbus: registering driver hv_balloon
Apr 13 14:22:07 DESKTOP-HF5NNP4 kernel: [    0.292110] hv_vmbus: registering driver dxgkrnl
Apr 13 14:22:07 DESKTOP-HF5NNP4 kernel: [    0.292131] hv_utils: TimeSync IC version 4.0
Apr 13 14:22:07 DESKTOP-HF5NNP4 kernel: [    0.292488] drop_monitor: Initializing network drop monitor service
Apr 13 14:22:07 DESKTOP-HF5NNP4 kernel: [    0.292490] hv_balloon: Using Dynamic Memory protocol version 2.0
Apr 13 14:22:07 DESKTOP-HF5NNP4 kernel: [    0.292764] Mirror/redirect action on
Apr 13 14:22:07 DESKTOP-HF5NNP4 kernel: [    0.293107] u32 classifier
Apr 13 14:22:07 DESKTOP-HF5NNP4 kernel: [    0.293175]     Performance counters on
Apr 13 14:22:07 DESKTOP-HF5NNP4 kernel: [    0.293399]     input device check on
Apr 13 14:22:07 DESKTOP-HF5NNP4 kernel: [    0.293517]     Actions configured
Apr 13 14:22:07 DESKTOP-HF5NNP4 kernel: [    0.293711] Free page reporting enabled
Apr 13 14:22:07 DESKTOP-HF5NNP4 kernel: [    0.293817] hv_balloon: Cold memory discard hint enabled with order 9
Apr 13 14:22:07 DESKTOP-HF5NNP4 kernel: [    0.294716] IPVS: Registered protocols (TCP, UDP)
Apr 13 14:22:07 DESKTOP-HF5NNP4 kernel: [    0.294859] IPVS: Connection hash table configured (size=4096, memory=32Kbytes)
Apr 13 14:22:07 DESKTOP-HF5NNP4 kernel: [    0.295047] IPVS: ipvs loaded.
Apr 13 14:22:07 DESKTOP-HF5NNP4 kernel: [    0.295145] IPVS: [rr] scheduler registered.
Apr 13 14:22:07 DESKTOP-HF5NNP4 kernel: [    0.295269] IPVS: [wrr] scheduler registered.
Apr 13 14:22:07 DESKTOP-HF5NNP4 kernel: [    0.295388] IPVS: [sh] scheduler registered.
Apr 13 14:22:07 DESKTOP-HF5NNP4 kernel: [    0.295530] ipt_CLUSTERIP: ClusterIP Version 0.8 loaded successfully
Apr 13 14:22:07 DESKTOP-HF5NNP4 kernel: [    0.295677] Initializing XFRM netlink socket
Apr 13 14:22:07 DESKTOP-HF5NNP4 kernel: [    0.295816] NET: Registered PF_INET6 protocol family
Apr 13 14:22:07 DESKTOP-HF5NNP4 kernel: [    0.296227] Segment Routing with IPv6
Apr 13 14:22:07 DESKTOP-HF5NNP4 kernel: [    0.296341] In-situ OAM (IOAM) with IPv6
Apr 13 14:22:07 DESKTOP-HF5NNP4 kernel: [    0.296459] NET: Registered PF_PACKET protocol family
Apr 13 14:22:07 DESKTOP-HF5NNP4 kernel: [    0.296578] Bridge firewalling registered
Apr 13 14:22:07 DESKTOP-HF5NNP4 kernel: [    0.296679] 8021q: 802.1Q VLAN Support v1.8
Apr 13 14:22:07 DESKTOP-HF5NNP4 kernel: [    0.296780] sctp: Hash tables configured (bind 256/256)
Apr 13 14:22:07 DESKTOP-HF5NNP4 kernel: [    0.296943] 9pnet: Installing 9P2000 support
Apr 13 14:22:07 DESKTOP-HF5NNP4 kernel: [    0.297058] Key type dns_resolver registered
Apr 13 14:22:07 DESKTOP-HF5NNP4 kernel: [    0.297185] Key type ceph registered
Apr 13 14:22:07 DESKTOP-HF5NNP4 kernel: [    0.297337] libceph: loaded (mon/osd proto 15/24)
Apr 13 14:22:07 DESKTOP-HF5NNP4 kernel: [    0.297501] NET: Registered PF_VSOCK protocol family
Apr 13 14:22:07 DESKTOP-HF5NNP4 kernel: [    0.297614] hv_vmbus: registering driver hv_sock
Apr 13 14:22:07 DESKTOP-HF5NNP4 kernel: [    0.297738] IPI shorthand broadcast: enabled
Apr 13 14:22:07 DESKTOP-HF5NNP4 kernel: [    0.297859] sched_clock: Marking stable (295907036, 1586800)->(312293100, -14799264)
Apr 13 14:22:07 DESKTOP-HF5NNP4 kernel: [    0.298799] registered taskstats version 1
Apr 13 14:22:07 DESKTOP-HF5NNP4 kernel: [    0.299743] Loading compiled-in X.509 certificates
Apr 13 14:22:07 DESKTOP-HF5NNP4 kernel: [    0.310293] Btrfs loaded, crc32c=crc32c-generic, zoned=no, fsverity=no
Apr 13 14:22:07 DESKTOP-HF5NNP4 kernel: [    0.324624] Freeing unused kernel image (initmem) memory: 2004K
Apr 13 14:22:07 DESKTOP-HF5NNP4 kernel: [    0.371716] Write protecting the kernel read-only data: 30720k
Apr 13 14:22:07 DESKTOP-HF5NNP4 kernel: [    0.377122] Freeing unused kernel image (text/rodata gap) memory: 2024K
Apr 13 14:22:07 DESKTOP-HF5NNP4 kernel: [    0.380264] Freeing unused kernel image (rodata/data gap) memory: 604K
Apr 13 14:22:07 DESKTOP-HF5NNP4 kernel: [    0.380929] Run /init as init process
Apr 13 14:22:07 DESKTOP-HF5NNP4 kernel: [    0.381274]   with arguments:
Apr 13 14:22:07 DESKTOP-HF5NNP4 kernel: [    0.381673]     /init
Apr 13 14:22:07 DESKTOP-HF5NNP4 kernel: [    0.381917]   with environment:
Apr 13 14:22:07 DESKTOP-HF5NNP4 kernel: [    0.382295]     HOME=/
Apr 13 14:22:07 DESKTOP-HF5NNP4 kernel: [    0.382520]     TERM=linux
Apr 13 14:22:07 DESKTOP-HF5NNP4 kernel: [    0.382740]     WSL_ROOT_INIT=1
Apr 13 14:22:07 DESKTOP-HF5NNP4 kernel: [    0.426384] scsi 0:0:0:0: Direct-Access     Msft     Virtual Disk     1.0  PQ: 0 ANSI: 5
Apr 13 14:22:07 DESKTOP-HF5NNP4 kernel: [    0.441140] sd 0:0:0:0: Attached scsi generic sg0 type 0
Apr 13 14:22:07 DESKTOP-HF5NNP4 kernel: [    0.441524] sd 0:0:0:0: [sda] 795664 512-byte logical blocks: (407 MB/389 MiB)
Apr 13 14:22:07 DESKTOP-HF5NNP4 kernel: [    0.441621] scsi 0:0:0:1: Direct-Access     Msft     Virtual Disk     1.0  PQ: 0 ANSI: 5
Apr 13 14:22:07 DESKTOP-HF5NNP4 kernel: [    0.441793] sd 0:0:0:0: [sda] Write Protect is on
Apr 13 14:22:07 DESKTOP-HF5NNP4 kernel: [    0.442055] sd 0:0:0:0: [sda] Mode Sense: 0f 00 80 00
Apr 13 14:22:07 DESKTOP-HF5NNP4 kernel: [    0.442254] sd 0:0:0:0: [sda] Write cache: disabled, read cache: enabled, doesn't support DPO or FUA
Apr 13 14:22:07 DESKTOP-HF5NNP4 kernel: [    0.444755] sd 0:0:0:0: [sda] Attached SCSI disk
Apr 13 14:22:07 DESKTOP-HF5NNP4 kernel: [    0.453761] sd 0:0:0:1: Attached scsi generic sg1 type 0
Apr 13 14:22:07 DESKTOP-HF5NNP4 kernel: [    0.454074] sd 0:0:0:1: [sdb] 8388616 512-byte logical blocks: (4.29 GB/4.00 GiB)
Apr 13 14:22:07 DESKTOP-HF5NNP4 kernel: [    0.454252] sd 0:0:0:1: [sdb] 4096-byte physical blocks
Apr 13 14:22:07 DESKTOP-HF5NNP4 kernel: [    0.454392] sd 0:0:0:1: [sdb] Write Protect is off
Apr 13 14:22:07 DESKTOP-HF5NNP4 kernel: [    0.454501] sd 0:0:0:1: [sdb] Mode Sense: 0f 00 00 00
Apr 13 14:22:07 DESKTOP-HF5NNP4 kernel: [    0.454683] sd 0:0:0:1: [sdb] Write cache: enabled, read cache: enabled, doesn't support DPO or FUA
Apr 13 14:22:07 DESKTOP-HF5NNP4 kernel: [    0.455854] sd 0:0:0:1: [sdb] Attached SCSI disk
Apr 13 14:22:07 DESKTOP-HF5NNP4 kernel: [    0.527037] EXT4-fs (sda): mounted filesystem without journal. Opts: (null). Quota mode: none.
Apr 13 14:22:07 DESKTOP-HF5NNP4 kernel: [    0.702838] Adding 4194304k swap on /dev/sdb.  Priority:-2 extents:1 across:4194304k 
Apr 13 14:22:07 DESKTOP-HF5NNP4 kernel: [    0.919482] IPv6: ADDRCONF(NETDEV_CHANGE): eth0: link becomes ready
Apr 13 14:22:07 DESKTOP-HF5NNP4 kernel: [    1.059566] hv_pci ba255d98-750f-40c1-bb89-a509ba66a540: PCI VMBus probing: Using version 0x10004
Apr 13 14:22:07 DESKTOP-HF5NNP4 kernel: [    1.063503] hv_pci ba255d98-750f-40c1-bb89-a509ba66a540: PCI host bridge to bus 750f:00
Apr 13 14:22:07 DESKTOP-HF5NNP4 kernel: [    1.064402] pci_bus 750f:00: root bus resource [mem 0xc00000000-0xe00001fff window]
Apr 13 14:22:07 DESKTOP-HF5NNP4 kernel: [    1.065432] pci_bus 750f:00: No busn resource found for root bus, will use [bus 00-ff]
Apr 13 14:22:07 DESKTOP-HF5NNP4 kernel: [    1.067393] pci 750f:00:00.0: [1af4:105a] type 00 class 0x088000
Apr 13 14:22:07 DESKTOP-HF5NNP4 kernel: [    1.070721] pci 750f:00:00.0: reg 0x10: [mem 0xe00000000-0xe00000fff 64bit]
Apr 13 14:22:07 DESKTOP-HF5NNP4 kernel: [    1.072809] pci 750f:00:00.0: reg 0x18: [mem 0xe00001000-0xe00001fff 64bit]
Apr 13 14:22:07 DESKTOP-HF5NNP4 kernel: [    1.074395] pci 750f:00:00.0: reg 0x20: [mem 0xc00000000-0xdffffffff 64bit]
Apr 13 14:22:07 DESKTOP-HF5NNP4 kernel: [    1.076959] pci_bus 750f:00: busn_res: [bus 00-ff] end is updated to 00
Apr 13 14:22:07 DESKTOP-HF5NNP4 kernel: [    1.077109] pci 750f:00:00.0: BAR 4: assigned [mem 0xc00000000-0xdffffffff 64bit]
Apr 13 14:22:07 DESKTOP-HF5NNP4 kernel: [    1.078203] pci 750f:00:00.0: BAR 0: assigned [mem 0xe00000000-0xe00000fff 64bit]
Apr 13 14:22:07 DESKTOP-HF5NNP4 kernel: [    1.079270] pci 750f:00:00.0: BAR 2: assigned [mem 0xe00001000-0xe00001fff 64bit]
Apr 13 14:22:07 DESKTOP-HF5NNP4 kernel: [    1.086142] virtiofs virtio1: Cache len: 0x200000000 @ 0xc00000000
Apr 13 14:22:07 DESKTOP-HF5NNP4 kernel: [    1.160612] memmap_init_zone_device initialised 2097152 pages in 40ms
Apr 13 14:22:07 DESKTOP-HF5NNP4 kernel: [    1.175283] FS-Cache: Duplicate cookie detected
Apr 13 14:22:07 DESKTOP-HF5NNP4 kernel: [    1.175426] FS-Cache: O-cookie c=00000004 [p=00000002 fl=222 nc=0 na=1]
Apr 13 14:22:07 DESKTOP-HF5NNP4 kernel: [    1.175542] FS-Cache: O-cookie d=000000009bb3d30e{9P.session} n=000000000d88afed
Apr 13 14:22:07 DESKTOP-HF5NNP4 kernel: [    1.175681] FS-Cache: O-key=[10] '34323934393337343037'
Apr 13 14:22:07 DESKTOP-HF5NNP4 kernel: [    1.175782] FS-Cache: N-cookie c=00000005 [p=00000002 fl=2 nc=0 na=1]
Apr 13 14:22:07 DESKTOP-HF5NNP4 kernel: [    1.175897] FS-Cache: N-cookie d=000000009bb3d30e{9P.session} n=00000000d5010bc1
Apr 13 14:22:07 DESKTOP-HF5NNP4 kernel: [    1.176035] FS-Cache: N-key=[10] '34323934393337343037'
Apr 13 14:22:07 DESKTOP-HF5NNP4 kernel: [    1.176802] FS-Cache: Duplicate cookie detected
Apr 13 14:22:07 DESKTOP-HF5NNP4 kernel: [    1.177223] FS-Cache: O-cookie c=00000004 [p=00000002 fl=222 nc=0 na=1]
Apr 13 14:22:07 DESKTOP-HF5NNP4 kernel: [    1.177531] FS-Cache: O-cookie d=000000009bb3d30e{9P.session} n=000000000d88afed
Apr 13 14:22:07 DESKTOP-HF5NNP4 kernel: [    1.178001] FS-Cache: O-key=[10] '34323934393337343037'
Apr 13 14:22:07 DESKTOP-HF5NNP4 kernel: [    1.178147] FS-Cache: N-cookie c=00000006 [p=00000002 fl=2 nc=0 na=1]
Apr 13 14:22:07 DESKTOP-HF5NNP4 kernel: [    1.178465] FS-Cache: N-cookie d=000000009bb3d30e{9P.session} n=0000000044fbfa48
Apr 13 14:22:07 DESKTOP-HF5NNP4 kernel: [    1.178838] FS-Cache: N-key=[10] '34323934393337343037'
Apr 13 14:22:07 DESKTOP-HF5NNP4 kernel: [    1.180321] FS-Cache: Duplicate cookie detected
Apr 13 14:22:07 DESKTOP-HF5NNP4 kernel: [    1.180591] FS-Cache: O-cookie c=00000004 [p=00000002 fl=222 nc=0 na=1]
Apr 13 14:22:07 DESKTOP-HF5NNP4 kernel: [    1.180863] FS-Cache: O-cookie d=000000009bb3d30e{9P.session} n=000000000d88afed
Apr 13 14:22:07 DESKTOP-HF5NNP4 kernel: [    1.181200] FS-Cache: O-key=[10] '34323934393337343037'
Apr 13 14:22:07 DESKTOP-HF5NNP4 kernel: [    1.181395] FS-Cache: N-cookie c=00000007 [p=00000002 fl=2 nc=0 na=1]
Apr 13 14:22:07 DESKTOP-HF5NNP4 kernel: [    1.181736] FS-Cache: N-cookie d=000000009bb3d30e{9P.session} n=0000000023c3ebac
Apr 13 14:22:07 DESKTOP-HF5NNP4 kernel: [    1.182114] FS-Cache: N-key=[10] '34323934393337343037'
Apr 13 14:22:07 DESKTOP-HF5NNP4 kernel: [    1.243356] scsi 0:0:0:2: Direct-Access     Msft     Virtual Disk     1.0  PQ: 0 ANSI: 5
Apr 13 14:22:07 DESKTOP-HF5NNP4 kernel: [    1.261738] clocksource: tsc: mask: 0xffffffffffffffff max_cycles: 0x3990babca65, max_idle_ns: 881590531705 ns
Apr 13 14:22:07 DESKTOP-HF5NNP4 kernel: [    1.263434] clocksource: Switched to clocksource tsc
Apr 13 14:22:07 DESKTOP-HF5NNP4 kernel: [    1.265418] sd 0:0:0:2: Attached scsi generic sg2 type 0
Apr 13 14:22:07 DESKTOP-HF5NNP4 kernel: [    1.265882] sd 0:0:0:2: [sdc] 536870912 512-byte logical blocks: (275 GB/256 GiB)
Apr 13 14:22:07 DESKTOP-HF5NNP4 kernel: [    1.266062] sd 0:0:0:2: [sdc] 4096-byte physical blocks
Apr 13 14:22:07 DESKTOP-HF5NNP4 kernel: [    1.266216] sd 0:0:0:2: [sdc] Write Protect is off
Apr 13 14:22:07 DESKTOP-HF5NNP4 kernel: [    1.266338] sd 0:0:0:2: [sdc] Mode Sense: 0f 00 00 00
Apr 13 14:22:07 DESKTOP-HF5NNP4 kernel: [    1.266527] sd 0:0:0:2: [sdc] Write cache: enabled, read cache: enabled, doesn't support DPO or FUA
Apr 13 14:22:07 DESKTOP-HF5NNP4 kernel: [    1.267846] sd 0:0:0:2: [sdc] Attached SCSI disk
Apr 13 14:22:07 DESKTOP-HF5NNP4 kernel: [    1.358804] EXT4-fs (sdc): recovery complete
Apr 13 14:22:07 DESKTOP-HF5NNP4 kernel: [    1.359668] EXT4-fs (sdc): mounted filesystem with ordered data mode. Opts: discard,errors=remount-ro,data=ordered. Quota mode: none.
Apr 13 14:22:07 DESKTOP-HF5NNP4 kernel: [    4.804320] misc dxg: dxgk: dxgkio_query_adapter_info: Ioctl failed: -22
Apr 13 14:22:07 DESKTOP-HF5NNP4 kernel: [    4.804530] misc dxg: dxgk: dxgkio_query_adapter_info: Ioctl failed: -22
Apr 13 14:22:07 DESKTOP-HF5NNP4 kernel: [    4.804700] misc dxg: dxgk: dxgkio_query_adapter_info: Ioctl failed: -22
Apr 13 14:22:07 DESKTOP-HF5NNP4 kernel: [    4.804922] misc dxg: dxgk: dxgkio_query_adapter_info: Ioctl failed: -2
Apr 13 14:22:10 DESKTOP-HF5NNP4 kernel: [    8.721668] misc dxg: dxgk: dxgkio_query_adapter_info: Ioctl failed: -2
Apr 13 14:22:11 DESKTOP-HF5NNP4 kernel: [    9.470667] misc dxg: dxgk: dxgkio_query_adapter_info: Ioctl failed: -2
Apr 13 14:22:11 DESKTOP-HF5NNP4 kernel: [    9.471700] misc dxg: dxgk: dxgkio_query_adapter_info: Ioctl failed: -2
Apr 13 14:22:11 DESKTOP-HF5NNP4 kernel: [    9.472497] misc dxg: dxgk: dxgkio_query_adapter_info: Ioctl failed: -2
Apr 13 14:22:11 DESKTOP-HF5NNP4 kernel: [    9.473162] misc dxg: dxgk: dxgkio_query_adapter_info: Ioctl failed: -2
Apr 13 14:22:11 DESKTOP-HF5NNP4 kernel: [    9.473843] misc dxg: dxgk: dxgkio_query_adapter_info: Ioctl failed: -2
Apr 13 14:22:11 DESKTOP-HF5NNP4 kernel: [    9.474462] misc dxg: dxgk: dxgkio_query_adapter_info: Ioctl failed: -2
Apr 13 14:22:11 DESKTOP-HF5NNP4 kernel: [    9.475051] misc dxg: dxgk: dxgkio_query_adapter_info: Ioctl failed: -2
Apr 13 14:22:11 DESKTOP-HF5NNP4 kernel: [    9.475639] misc dxg: dxgk: dxgkio_query_adapter_info: Ioctl failed: -2
Apr 13 14:22:11 DESKTOP-HF5NNP4 kernel: [    9.476134] misc dxg: dxgk: dxgkio_query_adapter_info: Ioctl failed: -2
Apr 13 14:22:11 DESKTOP-HF5NNP4 kernel: [    9.476642] misc dxg: dxgk: dxgkio_query_adapter_info: Ioctl failed: -2
Apr 13 14:22:11 DESKTOP-HF5NNP4 kernel: [    9.477170] misc dxg: dxgk: dxgkio_query_adapter_info: Ioctl failed: -2
Apr 13 14:22:11 DESKTOP-HF5NNP4 kernel: [    9.477667] misc dxg: dxgk: dxgkio_query_adapter_info: Ioctl failed: -2
Apr 13 14:22:11 DESKTOP-HF5NNP4 kernel: [    9.900944] misc dxg: dxgk: dxgkio_query_adapter_info: Ioctl failed: -2
Apr 13 14:22:51 DESKTOP-HF5NNP4 kernel: [   49.131683] hv_balloon: Max. dynamic memory size: 16290 MB
Apr 13 14:23:03 DESKTOP-HF5NNP4 kernel: [   61.496433] TCP: eth0: Driver has suspect GRO implementation, TCP performance may be compromised.
Apr 13 16:22:25 DESKTOP-HF5NNP4 kernel: [ 5708.345090] hv_utils: TimeSync IC version 4.0
Apr 13 21:44:19 DESKTOP-HF5NNP4 kernel: [    0.000000] Linux version 5.15.146.1-microsoft-standard-WSL2 (root@65c757a075e2) (gcc (GCC) 11.2.0, GNU ld (GNU Binutils) 2.37) #1 SMP Thu Jan 11 04:09:03 UTC 2024
Apr 13 21:44:19 DESKTOP-HF5NNP4 kernel: [    0.000000] Command line: initrd=\initrd.img WSL_ROOT_INIT=1 panic=-1 nr_cpus=32 hv_utils.timesync_implicit=1 console=hvc0 debug pty.legacy_count=0
Apr 13 21:44:19 DESKTOP-HF5NNP4 kernel: [    0.000000] KERNEL supported cpus:
Apr 13 21:44:19 DESKTOP-HF5NNP4 kernel: [    0.000000]   Intel GenuineIntel
Apr 13 21:44:19 DESKTOP-HF5NNP4 kernel: [    0.000000]   AMD AuthenticAMD
Apr 13 21:44:19 DESKTOP-HF5NNP4 kernel: [    0.000000]   Centaur CentaurHauls
Apr 13 21:44:19 DESKTOP-HF5NNP4 kernel: [    0.000000] BIOS-provided physical RAM map:
Apr 13 21:44:19 DESKTOP-HF5NNP4 kernel: [    0.000000] BIOS-e820: [mem 0x0000000000000000-0x000000000009ffff] usable
Apr 13 21:44:19 DESKTOP-HF5NNP4 kernel: [    0.000000] BIOS-e820: [mem 0x00000000000e0000-0x00000000000e0fff] reserved
Apr 13 21:44:19 DESKTOP-HF5NNP4 kernel: [    0.000000] BIOS-e820: [mem 0x0000000000100000-0x00000000001fffff] ACPI data
Apr 13 21:44:19 DESKTOP-HF5NNP4 kernel: [    0.000000] BIOS-e820: [mem 0x0000000000200000-0x00000000f7ffffff] usable
Apr 13 21:44:19 DESKTOP-HF5NNP4 kernel: [    0.000000] BIOS-e820: [mem 0x0000000100000000-0x00000004021fffff] usable
Apr 13 21:44:19 DESKTOP-HF5NNP4 kernel: [    0.000000] NX (Execute Disable) protection: active
Apr 13 21:44:19 DESKTOP-HF5NNP4 kernel: [    0.000000] DMI not present or invalid.
Apr 13 21:44:19 DESKTOP-HF5NNP4 kernel: [    0.000000] Hypervisor detected: Microsoft Hyper-V
Apr 13 21:44:19 DESKTOP-HF5NNP4 kernel: [    0.000000] Hyper-V: privilege flags low 0xae7f, high 0x3b8030, hints 0x9a4e24, misc 0xe0bed7b2
Apr 13 21:44:19 DESKTOP-HF5NNP4 kernel: [    0.000000] Hyper-V Host Build:26100-10.0-3-0.3775
Apr 13 21:44:19 DESKTOP-HF5NNP4 kernel: [    0.000000] Hyper-V: Nested features: 0x3e0101
Apr 13 21:44:19 DESKTOP-HF5NNP4 kernel: [    0.000000] Hyper-V: LAPIC Timer Frequency: 0x1e8480
Apr 13 21:44:19 DESKTOP-HF5NNP4 kernel: [    0.000000] Hyper-V: Using hypercall for remote TLB flush
Apr 13 21:44:19 DESKTOP-HF5NNP4 kernel: [    0.000000] clocksource: hyperv_clocksource_tsc_page: mask: 0xffffffffffffffff max_cycles: 0x24e6a1710, max_idle_ns: 440795202120 ns
Apr 13 21:44:19 DESKTOP-HF5NNP4 kernel: [    0.000001] tsc: Detected 1996.798 MHz processor
Apr 13 21:44:19 DESKTOP-HF5NNP4 kernel: [    0.000040] e820: update [mem 0x00000000-0x00000fff] usable ==> reserved
Apr 13 21:44:19 DESKTOP-HF5NNP4 kernel: [    0.000041] e820: remove [mem 0x000a0000-0x000fffff] usable
Apr 13 21:44:19 DESKTOP-HF5NNP4 kernel: [    0.000043] last_pfn = 0x402200 max_arch_pfn = 0x400000000
Apr 13 21:44:19 DESKTOP-HF5NNP4 kernel: [    0.000065] x86/PAT: Configuration [0-7]: WB  WC  UC- UC  WB  WP  UC- WT  
Apr 13 21:44:19 DESKTOP-HF5NNP4 kernel: [    0.000073] last_pfn = 0xf8000 max_arch_pfn = 0x400000000
Apr 13 21:44:19 DESKTOP-HF5NNP4 kernel: [    0.000077] Using GB pages for direct mapping
Apr 13 21:44:19 DESKTOP-HF5NNP4 kernel: [    0.000078] Incomplete global flushes, disabling PCID
Apr 13 21:44:19 DESKTOP-HF5NNP4 kernel: [    0.000116] RAMDISK: [mem 0x03dd8000-0x03faefff]
Apr 13 21:44:19 DESKTOP-HF5NNP4 kernel: [    0.000118] ACPI: Early table checksum verification disabled
Apr 13 21:44:19 DESKTOP-HF5NNP4 kernel: [    0.000120] ACPI: RSDP 0x00000000000E0000 000024 (v02 VRTUAL)
Apr 13 21:44:19 DESKTOP-HF5NNP4 kernel: [    0.000122] ACPI: XSDT 0x0000000000100000 000044 (v01 VRTUAL MICROSFT 00000001 MSFT 00000001)
Apr 13 21:44:19 DESKTOP-HF5NNP4 kernel: [    0.000126] ACPI: FACP 0x0000000000101000 000114 (v06 VRTUAL MICROSFT 00000001 MSFT 00000001)
Apr 13 21:44:19 DESKTOP-HF5NNP4 kernel: [    0.000129] ACPI: DSDT 0x00000000001011B8 01E191 (v02 MSFTVM DSDT01   00000001 MSFT 05000000)
Apr 13 21:44:19 DESKTOP-HF5NNP4 kernel: [    0.000131] ACPI: FACS 0x0000000000101114 000040
Apr 13 21:44:19 DESKTOP-HF5NNP4 kernel: [    0.000133] ACPI: OEM0 0x0000000000101154 000064 (v01 VRTUAL MICROSFT 00000001 MSFT 00000001)
Apr 13 21:44:19 DESKTOP-HF5NNP4 kernel: [    0.000135] ACPI: SRAT 0x000000000011F349 0004B0 (v02 VRTUAL MICROSFT 00000001 MSFT 00000001)
Apr 13 21:44:19 DESKTOP-HF5NNP4 kernel: [    0.000138] ACPI: APIC 0x000000000011F7F9 000148 (v04 VRTUAL MICROSFT 00000001 MSFT 00000001)
Apr 13 21:44:19 DESKTOP-HF5NNP4 kernel: [    0.000140] ACPI: Reserving FACP table memory at [mem 0x101000-0x101113]
Apr 13 21:44:19 DESKTOP-HF5NNP4 kernel: [    0.000141] ACPI: Reserving DSDT table memory at [mem 0x1011b8-0x11f348]
